Archive member included to satisfy reference by file (symbol)

c:/st/stm32cubeide_1.6.0/stm32cubeide/plugins/com.st.stm32cube.ide.mcu.externaltools.gnu-tools-for-stm32.9-2020-q2-update.win32_1.5.0.202011040924/tools/bin/../lib/gcc/arm-none-eabi/9.3.1/../../../../arm-none-eabi/lib/thumb/v7e-m+fp/hard\libc_nano.a(lib_a-errno.o)
                              Core/Src/syscalls.o (__errno)
c:/st/stm32cubeide_1.6.0/stm32cubeide/plugins/com.st.stm32cube.ide.mcu.externaltools.gnu-tools-for-stm32.9-2020-q2-update.win32_1.5.0.202011040924/tools/bin/../lib/gcc/arm-none-eabi/9.3.1/../../../../arm-none-eabi/lib/thumb/v7e-m+fp/hard\libc_nano.a(lib_a-exit.o)
                              c:/st/stm32cubeide_1.6.0/stm32cubeide/plugins/com.st.stm32cube.ide.mcu.externaltools.gnu-tools-for-stm32.9-2020-q2-update.win32_1.5.0.202011040924/tools/bin/../lib/gcc/arm-none-eabi/9.3.1/../../../../arm-none-eabi/lib/thumb/v7e-m+fp/hard/crt0.o (exit)
c:/st/stm32cubeide_1.6.0/stm32cubeide/plugins/com.st.stm32cube.ide.mcu.externaltools.gnu-tools-for-stm32.9-2020-q2-update.win32_1.5.0.202011040924/tools/bin/../lib/gcc/arm-none-eabi/9.3.1/../../../../arm-none-eabi/lib/thumb/v7e-m+fp/hard\libc_nano.a(lib_a-impure.o)
                              c:/st/stm32cubeide_1.6.0/stm32cubeide/plugins/com.st.stm32cube.ide.mcu.externaltools.gnu-tools-for-stm32.9-2020-q2-update.win32_1.5.0.202011040924/tools/bin/../lib/gcc/arm-none-eabi/9.3.1/../../../../arm-none-eabi/lib/thumb/v7e-m+fp/hard\libc_nano.a(lib_a-exit.o) (_global_impure_ptr)
c:/st/stm32cubeide_1.6.0/stm32cubeide/plugins/com.st.stm32cube.ide.mcu.externaltools.gnu-tools-for-stm32.9-2020-q2-update.win32_1.5.0.202011040924/tools/bin/../lib/gcc/arm-none-eabi/9.3.1/../../../../arm-none-eabi/lib/thumb/v7e-m+fp/hard\libc_nano.a(lib_a-init.o)
                              c:/st/stm32cubeide_1.6.0/stm32cubeide/plugins/com.st.stm32cube.ide.mcu.externaltools.gnu-tools-for-stm32.9-2020-q2-update.win32_1.5.0.202011040924/tools/bin/../lib/gcc/arm-none-eabi/9.3.1/../../../../arm-none-eabi/lib/thumb/v7e-m+fp/hard/crt0.o (__libc_init_array)
c:/st/stm32cubeide_1.6.0/stm32cubeide/plugins/com.st.stm32cube.ide.mcu.externaltools.gnu-tools-for-stm32.9-2020-q2-update.win32_1.5.0.202011040924/tools/bin/../lib/gcc/arm-none-eabi/9.3.1/../../../../arm-none-eabi/lib/thumb/v7e-m+fp/hard\libc_nano.a(lib_a-memcpy-stub.o)
                              common/Third_Party/Free_RTOS/queue.o (memcpy)
c:/st/stm32cubeide_1.6.0/stm32cubeide/plugins/com.st.stm32cube.ide.mcu.externaltools.gnu-tools-for-stm32.9-2020-q2-update.win32_1.5.0.202011040924/tools/bin/../lib/gcc/arm-none-eabi/9.3.1/../../../../arm-none-eabi/lib/thumb/v7e-m+fp/hard\libc_nano.a(lib_a-memset.o)
                              c:/st/stm32cubeide_1.6.0/stm32cubeide/plugins/com.st.stm32cube.ide.mcu.externaltools.gnu-tools-for-stm32.9-2020-q2-update.win32_1.5.0.202011040924/tools/bin/../lib/gcc/arm-none-eabi/9.3.1/../../../../arm-none-eabi/lib/thumb/v7e-m+fp/hard/crt0.o (memset)
c:/st/stm32cubeide_1.6.0/stm32cubeide/plugins/com.st.stm32cube.ide.mcu.externaltools.gnu-tools-for-stm32.9-2020-q2-update.win32_1.5.0.202011040924/tools/bin/../lib/gcc/arm-none-eabi/9.3.1/thumb/v7e-m+fp/hard\libgcc.a(_aeabi_uldivmod.o)
                              Drivers/STM32F4xx_HAL_Driver/Src/stm32f4xx_hal_rcc.o (__aeabi_uldivmod)
c:/st/stm32cubeide_1.6.0/stm32cubeide/plugins/com.st.stm32cube.ide.mcu.externaltools.gnu-tools-for-stm32.9-2020-q2-update.win32_1.5.0.202011040924/tools/bin/../lib/gcc/arm-none-eabi/9.3.1/thumb/v7e-m+fp/hard\libgcc.a(_udivmoddi4.o)
                              c:/st/stm32cubeide_1.6.0/stm32cubeide/plugins/com.st.stm32cube.ide.mcu.externaltools.gnu-tools-for-stm32.9-2020-q2-update.win32_1.5.0.202011040924/tools/bin/../lib/gcc/arm-none-eabi/9.3.1/thumb/v7e-m+fp/hard\libgcc.a(_aeabi_uldivmod.o) (__udivmoddi4)
c:/st/stm32cubeide_1.6.0/stm32cubeide/plugins/com.st.stm32cube.ide.mcu.externaltools.gnu-tools-for-stm32.9-2020-q2-update.win32_1.5.0.202011040924/tools/bin/../lib/gcc/arm-none-eabi/9.3.1/thumb/v7e-m+fp/hard\libgcc.a(_dvmd_tls.o)
                              c:/st/stm32cubeide_1.6.0/stm32cubeide/plugins/com.st.stm32cube.ide.mcu.externaltools.gnu-tools-for-stm32.9-2020-q2-update.win32_1.5.0.202011040924/tools/bin/../lib/gcc/arm-none-eabi/9.3.1/thumb/v7e-m+fp/hard\libgcc.a(_aeabi_uldivmod.o) (__aeabi_ldiv0)

Allocating common symbols
Common symbol       size              file

uwTick              0x4               Drivers/STM32F4xx_HAL_Driver/Src/stm32f4xx_hal.o
xQueueRegistry      0x40              common/Third_Party/Free_RTOS/queue.o
pFlash              0x20              Drivers/STM32F4xx_HAL_Driver/Src/stm32f4xx_hal_flash.o
htim6               0x48              Core/Src/stm32f4xx_hal_timebase_tim.o
huart2              0x44              Core/Src/main.o

Discarded input sections

[...]
Memory Configuration

Name             Origin             Length             Attributes
RAM              0x0000000020000000 0x0000000000020000 xrw
FLASH            0x0000000008000000 0x0000000000080000 xr
*default*        0x0000000000000000 0xffffffffffffffff

Linker script and memory map

LOAD c:/st/stm32cubeide_1.6.0/stm32cubeide/plugins/com.st.stm32cube.ide.mcu.externaltools.gnu-tools-for-stm32.9-2020-q2-update.win32_1.5.0.202011040924/tools/bin/../lib/gcc/arm-none-eabi/9.3.1/thumb/v7e-m+fp/hard/crti.o
LOAD c:/st/stm32cubeide_1.6.0/stm32cubeide/plugins/com.st.stm32cube.ide.mcu.externaltools.gnu-tools-for-stm32.9-2020-q2-update.win32_1.5.0.202011040924/tools/bin/../lib/gcc/arm-none-eabi/9.3.1/thumb/v7e-m+fp/hard/crtbegin.o
LOAD c:/st/stm32cubeide_1.6.0/stm32cubeide/plugins/com.st.stm32cube.ide.mcu.externaltools.gnu-tools-for-stm32.9-2020-q2-update.win32_1.5.0.202011040924/tools/bin/../lib/gcc/arm-none-eabi/9.3.1/../../../../arm-none-eabi/lib/thumb/v7e-m+fp/hard/crt0.o
LOAD Core/Src/main.o
LOAD Core/Src/stm32f4xx_hal_msp.o
LOAD Core/Src/stm32f4xx_hal_timebase_tim.o
LOAD Core/Src/stm32f4xx_it.o
LOAD Core/Src/syscalls.o
LOAD Core/Src/sysmem.o
LOAD Core/Src/system_stm32f4xx.o
LOAD Core/Startup/startup_stm32f446retx.o
LOAD Drivers/STM32F4xx_HAL_Driver/Src/stm32f4xx_hal.o
LOAD Drivers/STM32F4xx_HAL_Driver/Src/stm32f4xx_hal_cortex.o
LOAD Drivers/STM32F4xx_HAL_Driver/Src/stm32f4xx_hal_dma.o
LOAD Drivers/STM32F4xx_HAL_Driver/Src/stm32f4xx_hal_dma_ex.o
LOAD Drivers/STM32F4xx_HAL_Driver/Src/stm32f4xx_hal_exti.o
LOAD Drivers/STM32F4xx_HAL_Driver/Src/stm32f4xx_hal_flash.o
LOAD Drivers/STM32F4xx_HAL_Driver/Src/stm32f4xx_hal_flash_ex.o
LOAD Drivers/STM32F4xx_HAL_Driver/Src/stm32f4xx_hal_flash_ramfunc.o
LOAD Drivers/STM32F4xx_HAL_Driver/Src/stm32f4xx_hal_gpio.o
LOAD Drivers/STM32F4xx_HAL_Driver/Src/stm32f4xx_hal_pwr.o
LOAD Drivers/STM32F4xx_HAL_Driver/Src/stm32f4xx_hal_pwr_ex.o
LOAD Drivers/STM32F4xx_HAL_Driver/Src/stm32f4xx_hal_rcc.o
LOAD Drivers/STM32F4xx_HAL_Driver/Src/stm32f4xx_hal_rcc_ex.o
LOAD Drivers/STM32F4xx_HAL_Driver/Src/stm32f4xx_hal_tim.o
LOAD Drivers/STM32F4xx_HAL_Driver/Src/stm32f4xx_hal_tim_ex.o
LOAD Drivers/STM32F4xx_HAL_Driver/Src/stm32f4xx_hal_uart.o
LOAD common/Third_Party/Free_RTOS/croutine.o
LOAD common/Third_Party/Free_RTOS/event_groups.o
LOAD common/Third_Party/Free_RTOS/list.o
LOAD common/Third_Party/Free_RTOS/queue.o
LOAD common/Third_Party/Free_RTOS/stream_buffer.o
LOAD common/Third_Party/Free_RTOS/tasks.o
LOAD common/Third_Party/Free_RTOS/timers.o
LOAD common/Third_Party/Free_RTOS/portable/GCC/ARM_CM4F/port.o
LOAD common/Third_Party/Free_RTOS/portable/MemMang/heap_4.o
START GROUP
LOAD c:/st/stm32cubeide_1.6.0/stm32cubeide/plugins/com.st.stm32cube.ide.mcu.externaltools.gnu-tools-for-stm32.9-2020-q2-update.win32_1.5.0.202011040924/tools/bin/../lib/gcc/arm-none-eabi/9.3.1/../../../../arm-none-eabi/lib/thumb/v7e-m+fp/hard\libc_nano.a
LOAD c:/st/stm32cubeide_1.6.0/stm32cubeide/plugins/com.st.stm32cube.ide.mcu.externaltools.gnu-tools-for-stm32.9-2020-q2-update.win32_1.5.0.202011040924/tools/bin/../lib/gcc/arm-none-eabi/9.3.1/../../../../arm-none-eabi/lib/thumb/v7e-m+fp/hard\libm.a
END GROUP
START GROUP
LOAD c:/st/stm32cubeide_1.6.0/stm32cubeide/plugins/com.st.stm32cube.ide.mcu.externaltools.gnu-tools-for-stm32.9-2020-q2-update.win32_1.5.0.202011040924/tools/bin/../lib/gcc/arm-none-eabi/9.3.1/thumb/v7e-m+fp/hard\libgcc.a
LOAD c:/st/stm32cubeide_1.6.0/stm32cubeide/plugins/com.st.stm32cube.ide.mcu.externaltools.gnu-tools-for-stm32.9-2020-q2-update.win32_1.5.0.202011040924/tools/bin/../lib/gcc/arm-none-eabi/9.3.1/../../../../arm-none-eabi/lib/thumb/v7e-m+fp/hard\libc_nano.a
END GROUP
START GROUP
LOAD c:/st/stm32cubeide_1.6.0/stm32cubeide/plugins/com.st.stm32cube.ide.mcu.externaltools.gnu-tools-for-stm32.9-2020-q2-update.win32_1.5.0.202011040924/tools/bin/../lib/gcc/arm-none-eabi/9.3.1/thumb/v7e-m+fp/hard\libgcc.a
LOAD c:/st/stm32cubeide_1.6.0/stm32cubeide/plugins/com.st.stm32cube.ide.mcu.externaltools.gnu-tools-for-stm32.9-2020-q2-update.win32_1.5.0.202011040924/tools/bin/../lib/gcc/arm-none-eabi/9.3.1/../../../../arm-none-eabi/lib/thumb/v7e-m+fp/hard\libc_nano.a
LOAD c:/st/stm32cubeide_1.6.0/stm32cubeide/plugins/com.st.stm32cube.ide.mcu.externaltools.gnu-tools-for-stm32.9-2020-q2-update.win32_1.5.0.202011040924/tools/bin/../lib/gcc/arm-none-eabi/9.3.1/../../../../arm-none-eabi/lib/thumb/v7e-m+fp/hard\libnosys.a
END GROUP
START GROUP
LOAD c:/st/stm32cubeide_1.6.0/stm32cubeide/plugins/com.st.stm32cube.ide.mcu.externaltools.gnu-tools-for-stm32.9-2020-q2-update.win32_1.5.0.202011040924/tools/bin/../lib/gcc/arm-none-eabi/9.3.1/thumb/v7e-m+fp/hard\libgcc.a
LOAD c:/st/stm32cubeide_1.6.0/stm32cubeide/plugins/com.st.stm32cube.ide.mcu.externaltools.gnu-tools-for-stm32.9-2020-q2-update.win32_1.5.0.202011040924/tools/bin/../lib/gcc/arm-none-eabi/9.3.1/../../../../arm-none-eabi/lib/thumb/v7e-m+fp/hard\libc_nano.a
LOAD c:/st/stm32cubeide_1.6.0/stm32cubeide/plugins/com.st.stm32cube.ide.mcu.externaltools.gnu-tools-for-stm32.9-2020-q2-update.win32_1.5.0.202011040924/tools/bin/../lib/gcc/arm-none-eabi/9.3.1/../../../../arm-none-eabi/lib/thumb/v7e-m+fp/hard\libnosys.a
END GROUP
LOAD c:/st/stm32cubeide_1.6.0/stm32cubeide/plugins/com.st.stm32cube.ide.mcu.externaltools.gnu-tools-for-stm32.9-2020-q2-update.win32_1.5.0.202011040924/tools/bin/../lib/gcc/arm-none-eabi/9.3.1/thumb/v7e-m+fp/hard/crtend.o
LOAD c:/st/stm32cubeide_1.6.0/stm32cubeide/plugins/com.st.stm32cube.ide.mcu.externaltools.gnu-tools-for-stm32.9-2020-q2-update.win32_1.5.0.202011040924/tools/bin/../lib/gcc/arm-none-eabi/9.3.1/thumb/v7e-m+fp/hard/crtn.o
                0x0000000020020000                _estack = (ORIGIN (RAM) + LENGTH (RAM))
                0x0000000000000200                _Min_Heap_Size = 0x200
                0x0000000000000400                _Min_Stack_Size = 0x400

.isr_vector     0x0000000008000000      0x1c4
                0x0000000008000000                . = ALIGN (0x4)
 *(.isr_vector)
 .isr_vector    0x0000000008000000      0x1c4 Core/Startup/startup_stm32f446retx.o
                0x0000000008000000                g_pfnVectors
                0x00000000080001c4                . = ALIGN (0x4)

.text           0x00000000080001d0     0x4e34
                0x00000000080001d0                . = ALIGN (0x4)
 *(.text)
 .text          0x00000000080001d0       0x40 c:/st/stm32cubeide_1.6.0/stm32cubeide/plugins/com.st.stm32cube.ide.mcu.externaltools.gnu-tools-for-stm32.9-2020-q2-update.win32_1.5.0.202011040924/tools/bin/../lib/gcc/arm-none-eabi/9.3.1/thumb/v7e-m+fp/hard/crtbegin.o
 .text          0x0000000008000210       0x30 c:/st/stm32cubeide_1.6.0/stm32cubeide/plugins/com.st.stm32cube.ide.mcu.externaltools.gnu-tools-for-stm32.9-2020-q2-update.win32_1.5.0.202011040924/tools/bin/../lib/gcc/arm-none-eabi/9.3.1/thumb/v7e-m+fp/hard\libgcc.a(_aeabi_uldivmod.o)
                0x0000000008000210                __aeabi_uldivmod
 .text          0x0000000008000240      0x2c4 c:/st/stm32cubeide_1.6.0/stm32cubeide/plugins/com.st.stm32cube.ide.mcu.externaltools.gnu-tools-for-stm32.9-2020-q2-update.win32_1.5.0.202011040924/tools/bin/../lib/gcc/arm-none-eabi/9.3.1/thumb/v7e-m+fp/hard\libgcc.a(_udivmoddi4.o)
                0x0000000008000240                __udivmoddi4
 .text          0x0000000008000504        0x4 c:/st/stm32cubeide_1.6.0/stm32cubeide/plugins/com.st.stm32cube.ide.mcu.externaltools.gnu-tools-for-stm32.9-2020-q2-update.win32_1.5.0.202011040924/tools/bin/../lib/gcc/arm-none-eabi/9.3.1/thumb/v7e-m+fp/hard\libgcc.a(_dvmd_tls.o)
                0x0000000008000504                __aeabi_idiv0
                0x0000000008000504                __aeabi_ldiv0
 *(.text*)
 .text.main     0x0000000008000508       0xa8 Core/Src/main.o
                0x0000000008000508                main
 .text.SystemClock_Config
                0x00000000080005b0       0xdc Core/Src/main.o
                0x00000000080005b0                SystemClock_Config
 .text.MX_USART2_UART_Init
                0x000000000800068c       0x54 Core/Src/main.o
 .text.MX_GPIO_Init
                0x00000000080006e0       0xe0 Core/Src/main.o
 .text.Task1Handlefxn
                0x00000000080007c0       0x60 Core/Src/main.o
                0x00000000080007c0                Task1Handlefxn
 .text.Task2_Button_Handlefxn
                0x0000000008000820       0x48 Core/Src/main.o
                0x0000000008000820                Task2_Button_Handlefxn
 .text.HAL_TIM_PeriodElapsedCallback
                0x0000000008000868       0x24 Core/Src/main.o
                0x0000000008000868                HAL_TIM_PeriodElapsedCallback
 .text.Error_Handler
                0x000000000800088c        0xa Core/Src/main.o
                0x000000000800088c                Error_Handler
 *fill*         0x0000000008000896        0x2 
 .text.HAL_MspInit
                0x0000000008000898       0x50 Core/Src/stm32f4xx_hal_msp.o
                0x0000000008000898                HAL_MspInit
 .text.HAL_UART_MspInit
                0x00000000080008e8       0x90 Core/Src/stm32f4xx_hal_msp.o
                0x00000000080008e8                HAL_UART_MspInit
 .text.HAL_InitTick
                0x0000000008000978       0xb4 Core/Src/stm32f4xx_hal_timebase_tim.o
                0x0000000008000978                HAL_InitTick
 .text.NMI_Handler
                0x0000000008000a2c        0x6 Core/Src/stm32f4xx_it.o
                0x0000000008000a2c                NMI_Handler
 .text.HardFault_Handler
                0x0000000008000a32        0x6 Core/Src/stm32f4xx_it.o
                0x0000000008000a32                HardFault_Handler
 .text.MemManage_Handler
                0x0000000008000a38        0x6 Core/Src/stm32f4xx_it.o
                0x0000000008000a38                MemManage_Handler
 .text.BusFault_Handler
                0x0000000008000a3e        0x6 Core/Src/stm32f4xx_it.o
                0x0000000008000a3e                BusFault_Handler
 .text.UsageFault_Handler
                0x0000000008000a44        0x6 Core/Src/stm32f4xx_it.o
                0x0000000008000a44                UsageFault_Handler
 .text.DebugMon_Handler
                0x0000000008000a4a        0xe Core/Src/stm32f4xx_it.o
                0x0000000008000a4a                DebugMon_Handler
 .text.TIM6_DAC_IRQHandler
                0x0000000008000a58       0x14 Core/Src/stm32f4xx_it.o
                0x0000000008000a58                TIM6_DAC_IRQHandler
 .text.SystemInit
                0x0000000008000a6c       0x24 Core/Src/system_stm32f4xx.o
                0x0000000008000a6c                SystemInit
 .text.Reset_Handler
                0x0000000008000a90       0x50 Core/Startup/startup_stm32f446retx.o
                0x0000000008000a90                Reset_Handler
 .text.Default_Handler
                0x0000000008000ae0        0x2 Core/Startup/startup_stm32f446retx.o
                0x0000000008000ae0                RTC_Alarm_IRQHandler
                0x0000000008000ae0                EXTI2_IRQHandler
                0x0000000008000ae0                TIM8_CC_IRQHandler
                0x0000000008000ae0                FMPI2C1_EV_IRQHandler
                0x0000000008000ae0                SPI4_IRQHandler
                0x0000000008000ae0                TIM1_CC_IRQHandler
                0x0000000008000ae0                DMA2_Stream5_IRQHandler
                0x0000000008000ae0                DMA1_Stream5_IRQHandler
                0x0000000008000ae0                PVD_IRQHandler
                0x0000000008000ae0                SDIO_IRQHandler
                0x0000000008000ae0                TAMP_STAMP_IRQHandler
                0x0000000008000ae0                CAN2_RX1_IRQHandler
                0x0000000008000ae0                EXTI3_IRQHandler
                0x0000000008000ae0                TIM8_TRG_COM_TIM14_IRQHandler
                0x0000000008000ae0                TIM1_UP_TIM10_IRQHandler
                0x0000000008000ae0                TIM8_UP_TIM13_IRQHandler
                0x0000000008000ae0                I2C3_ER_IRQHandler
                0x0000000008000ae0                EXTI0_IRQHandler
                0x0000000008000ae0                I2C2_EV_IRQHandler
                0x0000000008000ae0                DMA1_Stream2_IRQHandler
                0x0000000008000ae0                CAN1_RX0_IRQHandler
                0x0000000008000ae0                FPU_IRQHandler
                0x0000000008000ae0                OTG_HS_WKUP_IRQHandler
                0x0000000008000ae0                CAN2_SCE_IRQHandler
                0x0000000008000ae0                DMA2_Stream2_IRQHandler
                0x0000000008000ae0                SPI1_IRQHandler
                0x0000000008000ae0                TIM1_BRK_TIM9_IRQHandler
                0x0000000008000ae0                DCMI_IRQHandler
                0x0000000008000ae0                CAN2_RX0_IRQHandler
                0x0000000008000ae0                DMA2_Stream3_IRQHandler
                0x0000000008000ae0                SAI2_IRQHandler
                0x0000000008000ae0                USART6_IRQHandler
                0x0000000008000ae0                USART3_IRQHandler
                0x0000000008000ae0                CAN1_RX1_IRQHandler
                0x0000000008000ae0                UART5_IRQHandler
                0x0000000008000ae0                DMA2_Stream0_IRQHandler
                0x0000000008000ae0                TIM4_IRQHandler
                0x0000000008000ae0                QUADSPI_IRQHandler
                0x0000000008000ae0                I2C1_EV_IRQHandler
                0x0000000008000ae0                DMA1_Stream6_IRQHandler
                0x0000000008000ae0                DMA1_Stream1_IRQHandler
                0x0000000008000ae0                UART4_IRQHandler
                0x0000000008000ae0                TIM3_IRQHandler
                0x0000000008000ae0                RCC_IRQHandler
                0x0000000008000ae0                TIM8_BRK_TIM12_IRQHandler
                0x0000000008000ae0                Default_Handler
                0x0000000008000ae0                CEC_IRQHandler
                0x0000000008000ae0                EXTI15_10_IRQHandler
                0x0000000008000ae0                ADC_IRQHandler
                0x0000000008000ae0                DMA1_Stream7_IRQHandler
                0x0000000008000ae0                TIM7_IRQHandler
                0x0000000008000ae0                CAN2_TX_IRQHandler
                0x0000000008000ae0                TIM5_IRQHandler
                0x0000000008000ae0                DMA2_Stream7_IRQHandler
                0x0000000008000ae0                I2C3_EV_IRQHandler
                0x0000000008000ae0                EXTI9_5_IRQHandler
                0x0000000008000ae0                RTC_WKUP_IRQHandler
                0x0000000008000ae0                SPDIF_RX_IRQHandler
                0x0000000008000ae0                SPI2_IRQHandler
                0x0000000008000ae0                OTG_HS_EP1_IN_IRQHandler
                0x0000000008000ae0                DMA1_Stream0_IRQHandler
                0x0000000008000ae0                CAN1_TX_IRQHandler
                0x0000000008000ae0                FMPI2C1_ER_IRQHandler
                0x0000000008000ae0                EXTI4_IRQHandler
                0x0000000008000ae0                OTG_HS_EP1_OUT_IRQHandler
                0x0000000008000ae0                WWDG_IRQHandler
                0x0000000008000ae0                TIM2_IRQHandler
                0x0000000008000ae0                OTG_FS_WKUP_IRQHandler
                0x0000000008000ae0                TIM1_TRG_COM_TIM11_IRQHandler
                0x0000000008000ae0                OTG_HS_IRQHandler
                0x0000000008000ae0                EXTI1_IRQHandler
                0x0000000008000ae0                USART2_IRQHandler
                0x0000000008000ae0                I2C2_ER_IRQHandler
                0x0000000008000ae0                DMA2_Stream1_IRQHandler
                0x0000000008000ae0                CAN1_SCE_IRQHandler
                0x0000000008000ae0                FLASH_IRQHandler
                0x0000000008000ae0                DMA2_Stream4_IRQHandler
                0x0000000008000ae0                USART1_IRQHandler
                0x0000000008000ae0                OTG_FS_IRQHandler
                0x0000000008000ae0                SPI3_IRQHandler
                0x0000000008000ae0                DMA1_Stream4_IRQHandler
                0x0000000008000ae0                I2C1_ER_IRQHandler
                0x0000000008000ae0                FMC_IRQHandler
                0x0000000008000ae0                DMA2_Stream6_IRQHandler
                0x0000000008000ae0                SAI1_IRQHandler
                0x0000000008000ae0                DMA1_Stream3_IRQHandler
 *fill*         0x0000000008000ae2        0x2 
 .text.HAL_Init
                0x0000000008000ae4       0x44 Drivers/STM32F4xx_HAL_Driver/Src/stm32f4xx_hal.o
                0x0000000008000ae4                HAL_Init
 .text.HAL_IncTick
                0x0000000008000b28       0x28 Drivers/STM32F4xx_HAL_Driver/Src/stm32f4xx_hal.o
                0x0000000008000b28                HAL_IncTick
 .text.HAL_GetTick
                0x0000000008000b50       0x18 Drivers/STM32F4xx_HAL_Driver/Src/stm32f4xx_hal.o
                0x0000000008000b50                HAL_GetTick
 .text.__NVIC_SetPriorityGrouping
                0x0000000008000b68       0x48 Drivers/STM32F4xx_HAL_Driver/Src/stm32f4xx_hal_cortex.o
 .text.__NVIC_GetPriorityGrouping
                0x0000000008000bb0       0x1c Drivers/STM32F4xx_HAL_Driver/Src/stm32f4xx_hal_cortex.o
 .text.__NVIC_EnableIRQ
                0x0000000008000bcc       0x3c Drivers/STM32F4xx_HAL_Driver/Src/stm32f4xx_hal_cortex.o
 .text.__NVIC_SetPriority
                0x0000000008000c08       0x54 Drivers/STM32F4xx_HAL_Driver/Src/stm32f4xx_hal_cortex.o
 .text.NVIC_EncodePriority
                0x0000000008000c5c       0x66 Drivers/STM32F4xx_HAL_Driver/Src/stm32f4xx_hal_cortex.o
 .text.HAL_NVIC_SetPriorityGrouping
                0x0000000008000cc2       0x16 Drivers/STM32F4xx_HAL_Driver/Src/stm32f4xx_hal_cortex.o
                0x0000000008000cc2                HAL_NVIC_SetPriorityGrouping
 .text.HAL_NVIC_SetPriority
                0x0000000008000cd8       0x38 Drivers/STM32F4xx_HAL_Driver/Src/stm32f4xx_hal_cortex.o
                0x0000000008000cd8                HAL_NVIC_SetPriority
 .text.HAL_NVIC_EnableIRQ
                0x0000000008000d10       0x1c Drivers/STM32F4xx_HAL_Driver/Src/stm32f4xx_hal_cortex.o
                0x0000000008000d10                HAL_NVIC_EnableIRQ
 .text.HAL_GPIO_Init
                0x0000000008000d2c      0x328 Drivers/STM32F4xx_HAL_Driver/Src/stm32f4xx_hal_gpio.o
                0x0000000008000d2c                HAL_GPIO_Init
 .text.HAL_GPIO_ReadPin
                0x0000000008001054       0x30 Drivers/STM32F4xx_HAL_Driver/Src/stm32f4xx_hal_gpio.o
                0x0000000008001054                HAL_GPIO_ReadPin
 .text.HAL_GPIO_WritePin
                0x0000000008001084       0x32 Drivers/STM32F4xx_HAL_Driver/Src/stm32f4xx_hal_gpio.o
                0x0000000008001084                HAL_GPIO_WritePin
 .text.HAL_GPIO_TogglePin
                0x00000000080010b6       0x34 Drivers/STM32F4xx_HAL_Driver/Src/stm32f4xx_hal_gpio.o
                0x00000000080010b6                HAL_GPIO_TogglePin
 *fill*         0x00000000080010ea        0x2 
 .text.HAL_RCC_ClockConfig
                0x00000000080010ec      0x1cc Drivers/STM32F4xx_HAL_Driver/Src/stm32f4xx_hal_rcc.o
                0x00000000080010ec                HAL_RCC_ClockConfig
 .text.HAL_RCC_GetHCLKFreq
                0x00000000080012b8       0x18 Drivers/STM32F4xx_HAL_Driver/Src/stm32f4xx_hal_rcc.o
                0x00000000080012b8                HAL_RCC_GetHCLKFreq
 .text.HAL_RCC_GetPCLK1Freq
                0x00000000080012d0       0x28 Drivers/STM32F4xx_HAL_Driver/Src/stm32f4xx_hal_rcc.o
                0x00000000080012d0                HAL_RCC_GetPCLK1Freq
 .text.HAL_RCC_GetPCLK2Freq
                0x00000000080012f8       0x28 Drivers/STM32F4xx_HAL_Driver/Src/stm32f4xx_hal_rcc.o
                0x00000000080012f8                HAL_RCC_GetPCLK2Freq
 .text.HAL_RCC_GetClockConfig
                0x0000000008001320       0x64 Drivers/STM32F4xx_HAL_Driver/Src/stm32f4xx_hal_rcc.o
                0x0000000008001320                HAL_RCC_GetClockConfig
 .text.HAL_RCC_GetSysClockFreq
                0x0000000008001384      0x364 Drivers/STM32F4xx_HAL_Driver/Src/stm32f4xx_hal_rcc_ex.o
                0x0000000008001384                HAL_RCC_GetSysClockFreq
 .text.HAL_RCC_OscConfig
                0x00000000080016e8      0x53c Drivers/STM32F4xx_HAL_Driver/Src/stm32f4xx_hal_rcc_ex.o
                0x00000000080016e8                HAL_RCC_OscConfig
 .text.HAL_TIM_Base_Init
                0x0000000008001c24       0x9e Drivers/STM32F4xx_HAL_Driver/Src/stm32f4xx_hal_tim.o
                0x0000000008001c24                HAL_TIM_Base_Init
 .text.HAL_TIM_Base_MspInit
                0x0000000008001cc2       0x14 Drivers/STM32F4xx_HAL_Driver/Src/stm32f4xx_hal_tim.o
                0x0000000008001cc2                HAL_TIM_Base_MspInit
 *fill*         0x0000000008001cd6        0x2 
 .text.HAL_TIM_Base_Start_IT
                0x0000000008001cd8       0xe0 Drivers/STM32F4xx_HAL_Driver/Src/stm32f4xx_hal_tim.o
                0x0000000008001cd8                HAL_TIM_Base_Start_IT
 .text.HAL_TIM_IRQHandler
                0x0000000008001db8      0x210 Drivers/STM32F4xx_HAL_Driver/Src/stm32f4xx_hal_tim.o
                0x0000000008001db8                HAL_TIM_IRQHandler
 .text.HAL_TIM_OC_DelayElapsedCallback
                0x0000000008001fc8       0x14 Drivers/STM32F4xx_HAL_Driver/Src/stm32f4xx_hal_tim.o
                0x0000000008001fc8                HAL_TIM_OC_DelayElapsedCallback
 .text.HAL_TIM_IC_CaptureCallback
                0x0000000008001fdc       0x14 Drivers/STM32F4xx_HAL_Driver/Src/stm32f4xx_hal_tim.o
                0x0000000008001fdc                HAL_TIM_IC_CaptureCallback
 .text.HAL_TIM_PWM_PulseFinishedCallback
                0x0000000008001ff0       0x14 Drivers/STM32F4xx_HAL_Driver/Src/stm32f4xx_hal_tim.o
                0x0000000008001ff0                HAL_TIM_PWM_PulseFinishedCallback
 .text.HAL_TIM_TriggerCallback
                0x0000000008002004       0x14 Drivers/STM32F4xx_HAL_Driver/Src/stm32f4xx_hal_tim.o
                0x0000000008002004                HAL_TIM_TriggerCallback
 .text.TIM_Base_SetConfig
                0x0000000008002018      0x140 Drivers/STM32F4xx_HAL_Driver/Src/stm32f4xx_hal_tim.o
                0x0000000008002018                TIM_Base_SetConfig
 .text.HAL_TIMEx_CommutCallback
                0x0000000008002158       0x14 Drivers/STM32F4xx_HAL_Driver/Src/stm32f4xx_hal_tim_ex.o
                0x0000000008002158                HAL_TIMEx_CommutCallback
 .text.HAL_TIMEx_BreakCallback
                0x000000000800216c       0x14 Drivers/STM32F4xx_HAL_Driver/Src/stm32f4xx_hal_tim_ex.o
                0x000000000800216c                HAL_TIMEx_BreakCallback
 .text.HAL_UART_Init
                0x0000000008002180       0x9a Drivers/STM32F4xx_HAL_Driver/Src/stm32f4xx_hal_uart.o
                0x0000000008002180                HAL_UART_Init
 *fill*         0x000000000800221a        0x2 
 .text.UART_SetConfig
                0x000000000800221c      0x390 Drivers/STM32F4xx_HAL_Driver/Src/stm32f4xx_hal_uart.o
 .text.vListInitialise
                0x00000000080025ac       0x40 common/Third_Party/Free_RTOS/list.o
                0x00000000080025ac                vListInitialise
 .text.vListInitialiseItem
                0x00000000080025ec       0x1a common/Third_Party/Free_RTOS/list.o
                0x00000000080025ec                vListInitialiseItem
 .text.vListInsertEnd
                0x0000000008002606       0x48 common/Third_Party/Free_RTOS/list.o
                0x0000000008002606                vListInsertEnd
 .text.vListInsert
                0x000000000800264e       0x72 common/Third_Party/Free_RTOS/list.o
                0x000000000800264e                vListInsert
 .text.uxListRemove
                0x00000000080026c0       0x54 common/Third_Party/Free_RTOS/list.o
                0x00000000080026c0                uxListRemove
 .text.xQueueGenericReset
                0x0000000008002714       0xb6 common/Third_Party/Free_RTOS/queue.o
                0x0000000008002714                xQueueGenericReset
 .text.xQueueGenericCreate
                0x00000000080027ca       0xbe common/Third_Party/Free_RTOS/queue.o
                0x00000000080027ca                xQueueGenericCreate
 .text.prvInitialiseNewQueue
                0x0000000008002888       0x46 common/Third_Party/Free_RTOS/queue.o
 *fill*         0x00000000080028ce        0x2 
 .text.xQueueGenericSend
                0x00000000080028d0      0x1cc common/Third_Party/Free_RTOS/queue.o
                0x00000000080028d0                xQueueGenericSend
 .text.xQueueGenericSendFromISR
                0x0000000008002a9c      0x154 common/Third_Party/Free_RTOS/queue.o
                0x0000000008002a9c                xQueueGenericSendFromISR
 .text.xQueueReceive
                0x0000000008002bf0      0x1a8 common/Third_Party/Free_RTOS/queue.o
                0x0000000008002bf0                xQueueReceive
 .text.prvCopyDataToQueue
                0x0000000008002d98       0xd4 common/Third_Party/Free_RTOS/queue.o
 .text.prvCopyDataFromQueue
                0x0000000008002e6c       0x4c common/Third_Party/Free_RTOS/queue.o
 .text.prvUnlockQueue
                0x0000000008002eb8       0xa4 common/Third_Party/Free_RTOS/queue.o
 .text.prvIsQueueEmpty
                0x0000000008002f5c       0x2c common/Third_Party/Free_RTOS/queue.o
 .text.prvIsQueueFull
                0x0000000008002f88       0x30 common/Third_Party/Free_RTOS/queue.o
 .text.vQueueAddToRegistry
                0x0000000008002fb8       0x54 common/Third_Party/Free_RTOS/queue.o
                0x0000000008002fb8                vQueueAddToRegistry
 .text.vQueueWaitForMessageRestricted
                0x000000000800300c       0x68 common/Third_Party/Free_RTOS/queue.o
                0x000000000800300c                vQueueWaitForMessageRestricted
 .text.xTaskCreate
                0x0000000008003074       0x82 common/Third_Party/Free_RTOS/tasks.o
                0x0000000008003074                xTaskCreate
 .text.prvInitialiseNewTask
                0x00000000080030f6      0x12c common/Third_Party/Free_RTOS/tasks.o
 *fill*         0x0000000008003222        0x2 
 .text.prvAddNewTaskToReadyList
                0x0000000008003224       0xc0 common/Third_Party/Free_RTOS/tasks.o
 .text.vTaskDelete
                0x00000000080032e4      0x120 common/Third_Party/Free_RTOS/tasks.o
                0x00000000080032e4                vTaskDelete
 .text.vTaskDelay
                0x0000000008003404       0x68 common/Third_Party/Free_RTOS/tasks.o
                0x0000000008003404                vTaskDelay
 .text.vTaskStartScheduler
                0x000000000800346c       0xa4 common/Third_Party/Free_RTOS/tasks.o
                0x000000000800346c                vTaskStartScheduler
 .text.vTaskSuspendAll
                0x0000000008003510       0x1c common/Third_Party/Free_RTOS/tasks.o
                0x0000000008003510                vTaskSuspendAll
 .text.xTaskResumeAll
                0x000000000800352c      0x11c common/Third_Party/Free_RTOS/tasks.o
                0x000000000800352c                xTaskResumeAll
 .text.xTaskGetTickCount
                0x0000000008003648       0x20 common/Third_Party/Free_RTOS/tasks.o
                0x0000000008003648                xTaskGetTickCount
 .text.xTaskIncrementTick
                0x0000000008003668      0x12c common/Third_Party/Free_RTOS/tasks.o
                0x0000000008003668                xTaskIncrementTick
 .text.vTaskSwitchContext
                0x0000000008003794       0xb8 common/Third_Party/Free_RTOS/tasks.o
                0x0000000008003794                vTaskSwitchContext
 .text.vTaskPlaceOnEventList
                0x000000000800384c       0x48 common/Third_Party/Free_RTOS/tasks.o
                0x000000000800384c                vTaskPlaceOnEventList
 .text.vTaskPlaceOnEventListRestricted
                0x0000000008003894       0x58 common/Third_Party/Free_RTOS/tasks.o
                0x0000000008003894                vTaskPlaceOnEventListRestricted
 .text.xTaskRemoveFromEventList
                0x00000000080038ec       0xc4 common/Third_Party/Free_RTOS/tasks.o
                0x00000000080038ec                xTaskRemoveFromEventList
 .text.vTaskInternalSetTimeOutState
                0x00000000080039b0       0x2c common/Third_Party/Free_RTOS/tasks.o
                0x00000000080039b0                vTaskInternalSetTimeOutState
 .text.xTaskCheckForTimeOut
                0x00000000080039dc       0xcc common/Third_Party/Free_RTOS/tasks.o
                0x00000000080039dc                xTaskCheckForTimeOut
 .text.vTaskMissedYield
                0x0000000008003aa8       0x18 common/Third_Party/Free_RTOS/tasks.o
                0x0000000008003aa8                vTaskMissedYield
 .text.prvIdleTask
                0x0000000008003ac0       0x24 common/Third_Party/Free_RTOS/tasks.o
 .text.prvInitialiseTaskLists
                0x0000000008003ae4       0x80 common/Third_Party/Free_RTOS/tasks.o
 .text.prvCheckTasksWaitingTermination
                0x0000000008003b64       0x5c common/Third_Party/Free_RTOS/tasks.o
 .text.prvDeleteTCB
                0x0000000008003bc0       0x20 common/Third_Party/Free_RTOS/tasks.o
 .text.prvResetNextTaskUnblockTime
                0x0000000008003be0       0x38 common/Third_Party/Free_RTOS/tasks.o
 .text.xTaskGetSchedulerState
                0x0000000008003c18       0x3c common/Third_Party/Free_RTOS/tasks.o
                0x0000000008003c18                xTaskGetSchedulerState
 .text.xTaskPriorityDisinherit
                0x0000000008003c54       0xf4 common/Third_Party/Free_RTOS/tasks.o
                0x0000000008003c54                xTaskPriorityDisinherit
 .text.xTaskGenericNotifyWait
                0x0000000008003d48      0x100 common/Third_Party/Free_RTOS/tasks.o
                0x0000000008003d48                xTaskGenericNotifyWait
 .text.xTaskGenericNotify
                0x0000000008003e48      0x1a4 common/Third_Party/Free_RTOS/tasks.o
                0x0000000008003e48                xTaskGenericNotify
 .text.prvAddCurrentTaskToDelayedList
                0x0000000008003fec       0xcc common/Third_Party/Free_RTOS/tasks.o
 .text.xTimerCreateTimerTask
                0x00000000080040b8       0x64 common/Third_Party/Free_RTOS/timers.o
                0x00000000080040b8                xTimerCreateTimerTask
 .text.xTimerGenericCommand
                0x000000000800411c       0x9c common/Third_Party/Free_RTOS/timers.o
                0x000000000800411c                xTimerGenericCommand
 .text.prvProcessExpiredTimer
                0x00000000080041b8       0x98 common/Third_Party/Free_RTOS/timers.o
 .text.prvTimerTask
                0x0000000008004250       0x24 common/Third_Party/Free_RTOS/timers.o
 .text.prvProcessTimerOrBlockTask
                0x0000000008004274       0x9c common/Third_Party/Free_RTOS/timers.o
 .text.prvGetNextExpireTime
                0x0000000008004310       0x48 common/Third_Party/Free_RTOS/timers.o
 .text.prvSampleTimeNow
                0x0000000008004358       0x40 common/Third_Party/Free_RTOS/timers.o
 .text.prvInsertTimerInActiveList
                0x0000000008004398       0x84 common/Third_Party/Free_RTOS/timers.o
 .text.prvProcessReceivedCommands
                0x000000000800441c      0x18c common/Third_Party/Free_RTOS/timers.o
 .text.prvSwitchTimerLists
                0x00000000080045a8       0xc8 common/Third_Party/Free_RTOS/timers.o
 .text.prvCheckForValidListAndQueue
                0x0000000008004670       0x6c common/Third_Party/Free_RTOS/timers.o
 .text.pxPortInitialiseStack
                0x00000000080046dc       0x68 common/Third_Party/Free_RTOS/portable/GCC/ARM_CM4F/port.o
                0x00000000080046dc                pxPortInitialiseStack
 .text.prvTaskExitError
                0x0000000008004744       0x58 common/Third_Party/Free_RTOS/portable/GCC/ARM_CM4F/port.o
 *fill*         0x000000000800479c        0x4 
 .text.SVC_Handler
                0x00000000080047a0       0x28 common/Third_Party/Free_RTOS/portable/GCC/ARM_CM4F/port.o
                0x00000000080047a0                SVC_Handler
 .text.prvPortStartFirstTask
                0x00000000080047c8       0x2c common/Third_Party/Free_RTOS/portable/GCC/ARM_CM4F/port.o
 .text.xPortStartScheduler
                0x00000000080047f4      0x144 common/Third_Party/Free_RTOS/portable/GCC/ARM_CM4F/port.o
                0x00000000080047f4                xPortStartScheduler
 .text.vPortEnterCritical
                0x0000000008004938       0x60 common/Third_Party/Free_RTOS/portable/GCC/ARM_CM4F/port.o
                0x0000000008004938                vPortEnterCritical
 .text.vPortExitCritical
                0x0000000008004998       0x54 common/Third_Party/Free_RTOS/portable/GCC/ARM_CM4F/port.o
                0x0000000008004998                vPortExitCritical
 *fill*         0x00000000080049ec        0x4 
 .text.PendSV_Handler
                0x00000000080049f0       0x68 common/Third_Party/Free_RTOS/portable/GCC/ARM_CM4F/port.o
                0x00000000080049f0                PendSV_Handler
 .text.SysTick_Handler
                0x0000000008004a58       0x44 common/Third_Party/Free_RTOS/portable/GCC/ARM_CM4F/port.o
                0x0000000008004a58                SysTick_Handler
 .text.vPortSetupTimerInterrupt
                0x0000000008004a9c       0x48 common/Third_Party/Free_RTOS/portable/GCC/ARM_CM4F/port.o
                0x0000000008004a9c                vPortSetupTimerInterrupt
 .text.vPortEnableVFP
                0x0000000008004ae4       0x18 common/Third_Party/Free_RTOS/portable/GCC/ARM_CM4F/port.o
 .text.vPortValidateInterruptPriority
                0x0000000008004afc       0x80 common/Third_Party/Free_RTOS/portable/GCC/ARM_CM4F/port.o
                0x0000000008004afc                vPortValidateInterruptPriority
 .text.pvPortMalloc
                0x0000000008004b7c      0x1c0 common/Third_Party/Free_RTOS/portable/MemMang/heap_4.o
                0x0000000008004b7c                pvPortMalloc
 .text.vPortFree
                0x0000000008004d3c       0xc4 common/Third_Party/Free_RTOS/portable/MemMang/heap_4.o
                0x0000000008004d3c                vPortFree
 .text.prvHeapInit
                0x0000000008004e00       0xc4 common/Third_Party/Free_RTOS/portable/MemMang/heap_4.o
 .text.prvInsertBlockIntoFreeList
                0x0000000008004ec4       0xb4 common/Third_Party/Free_RTOS/portable/MemMang/heap_4.o
 .text.__libc_init_array
                0x0000000008004f78       0x48 c:/st/stm32cubeide_1.6.0/stm32cubeide/plugins/com.st.stm32cube.ide.mcu.externaltools.gnu-tools-for-stm32.9-2020-q2-update.win32_1.5.0.202011040924/tools/bin/../lib/gcc/arm-none-eabi/9.3.1/../../../../arm-none-eabi/lib/thumb/v7e-m+fp/hard\libc_nano.a(lib_a-init.o)
                0x0000000008004f78                __libc_init_array
 .text.memcpy   0x0000000008004fc0       0x1c c:/st/stm32cubeide_1.6.0/stm32cubeide/plugins/com.st.stm32cube.ide.mcu.externaltools.gnu-tools-for-stm32.9-2020-q2-update.win32_1.5.0.202011040924/tools/bin/../lib/gcc/arm-none-eabi/9.3.1/../../../../arm-none-eabi/lib/thumb/v7e-m+fp/hard\libc_nano.a(lib_a-memcpy-stub.o)
                0x0000000008004fc0                memcpy
 .text.memset   0x0000000008004fdc       0x10 c:/st/stm32cubeide_1.6.0/stm32cubeide/plugins/com.st.stm32cube.ide.mcu.externaltools.gnu-tools-for-stm32.9-2020-q2-update.win32_1.5.0.202011040924/tools/bin/../lib/gcc/arm-none-eabi/9.3.1/../../../../arm-none-eabi/lib/thumb/v7e-m+fp/hard\libc_nano.a(lib_a-memset.o)
                0x0000000008004fdc                memset
 *(.glue_7)
 .glue_7        0x0000000008004fec        0x0 linker stubs
 *(.glue_7t)
 .glue_7t       0x0000000008004fec        0x0 linker stubs
 *(.eh_frame)
 .eh_frame      0x0000000008004fec        0x0 c:/st/stm32cubeide_1.6.0/stm32cubeide/plugins/com.st.stm32cube.ide.mcu.externaltools.gnu-tools-for-stm32.9-2020-q2-update.win32_1.5.0.202011040924/tools/bin/../lib/gcc/arm-none-eabi/9.3.1/thumb/v7e-m+fp/hard/crtbegin.o
 *(.init)
 .init          0x0000000008004fec        0x4 c:/st/stm32cubeide_1.6.0/stm32cubeide/plugins/com.st.stm32cube.ide.mcu.externaltools.gnu-tools-for-stm32.9-2020-q2-update.win32_1.5.0.202011040924/tools/bin/../lib/gcc/arm-none-eabi/9.3.1/thumb/v7e-m+fp/hard/crti.o
                0x0000000008004fec                _init
 .init          0x0000000008004ff0        0x8 c:/st/stm32cubeide_1.6.0/stm32cubeide/plugins/com.st.stm32cube.ide.mcu.externaltools.gnu-tools-for-stm32.9-2020-q2-update.win32_1.5.0.202011040924/tools/bin/../lib/gcc/arm-none-eabi/9.3.1/thumb/v7e-m+fp/hard/crtn.o
 *(.fini)
 .fini          0x0000000008004ff8        0x4 c:/st/stm32cubeide_1.6.0/stm32cubeide/plugins/com.st.stm32cube.ide.mcu.externaltools.gnu-tools-for-stm32.9-2020-q2-update.win32_1.5.0.202011040924/tools/bin/../lib/gcc/arm-none-eabi/9.3.1/thumb/v7e-m+fp/hard/crti.o
                0x0000000008004ff8                _fini
 .fini          0x0000000008004ffc        0x8 c:/st/stm32cubeide_1.6.0/stm32cubeide/plugins/com.st.stm32cube.ide.mcu.externaltools.gnu-tools-for-stm32.9-2020-q2-update.win32_1.5.0.202011040924/tools/bin/../lib/gcc/arm-none-eabi/9.3.1/thumb/v7e-m+fp/hard/crtn.o
                0x0000000008005004                . = ALIGN (0x4)
                0x0000000008005004                _etext = .

.vfp11_veneer   0x0000000008005004        0x0
 .vfp11_veneer  0x0000000008005004        0x0 linker stubs

.v4_bx          0x0000000008005004        0x0
 .v4_bx         0x0000000008005004        0x0 linker stubs

.iplt           0x0000000008005004        0x0
 .iplt          0x0000000008005004        0x0 c:/st/stm32cubeide_1.6.0/stm32cubeide/plugins/com.st.stm32cube.ide.mcu.externaltools.gnu-tools-for-stm32.9-2020-q2-update.win32_1.5.0.202011040924/tools/bin/../lib/gcc/arm-none-eabi/9.3.1/thumb/v7e-m+fp/hard/crtbegin.o

.rodata         0x0000000008005004       0x7c
                0x0000000008005004                . = ALIGN (0x4)
 *(.rodata)
 .rodata        0x0000000008005004       0x4b Core/Src/main.o
 *fill*         0x000000000800504f        0x1 
 .rodata        0x0000000008005050        0x5 common/Third_Party/Free_RTOS/tasks.o
 *fill*         0x0000000008005055        0x3 
 .rodata        0x0000000008005058        0xd common/Third_Party/Free_RTOS/timers.o
 *(.rodata*)
 *fill*         0x0000000008005065        0x3 
 .rodata.AHBPrescTable
                0x0000000008005068       0x10 Core/Src/system_stm32f4xx.o
                0x0000000008005068                AHBPrescTable
 .rodata.APBPrescTable
                0x0000000008005078        0x8 Core/Src/system_stm32f4xx.o
                0x0000000008005078                APBPrescTable
                0x0000000008005080                . = ALIGN (0x4)

.ARM.extab      0x0000000008005080        0x0
                0x0000000008005080                . = ALIGN (0x4)
 *(.ARM.extab* .gnu.linkonce.armextab.*)
                0x0000000008005080                . = ALIGN (0x4)

.ARM            0x0000000008005080        0x8
                0x0000000008005080                . = ALIGN (0x4)
                0x0000000008005080                __exidx_start = .
 *(.ARM.exidx*)
 .ARM.exidx     0x0000000008005080        0x8 c:/st/stm32cubeide_1.6.0/stm32cubeide/plugins/com.st.stm32cube.ide.mcu.externaltools.gnu-tools-for-stm32.9-2020-q2-update.win32_1.5.0.202011040924/tools/bin/../lib/gcc/arm-none-eabi/9.3.1/thumb/v7e-m+fp/hard\libgcc.a(_udivmoddi4.o)
                0x0000000008005088                __exidx_end = .
                0x0000000008005088                . = ALIGN (0x4)

.rel.dyn        0x0000000008005088        0x0
 .rel.iplt      0x0000000008005088        0x0 c:/st/stm32cubeide_1.6.0/stm32cubeide/plugins/com.st.stm32cube.ide.mcu.externaltools.gnu-tools-for-stm32.9-2020-q2-update.win32_1.5.0.202011040924/tools/bin/../lib/gcc/arm-none-eabi/9.3.1/thumb/v7e-m+fp/hard/crtbegin.o

.preinit_array  0x0000000008005088        0x0
                0x0000000008005088                . = ALIGN (0x4)
                0x0000000008005088                PROVIDE (__preinit_array_start = .)
 *(.preinit_array*)
                0x0000000008005088                PROVIDE (__preinit_array_end = .)
                0x0000000008005088                . = ALIGN (0x4)

.init_array     0x0000000008005088        0x4
                0x0000000008005088                . = ALIGN (0x4)
                0x0000000008005088                PROVIDE (__init_array_start = .)
 *(SORT_BY_NAME(.init_array.*))
 *(.init_array*)
 .init_array    0x0000000008005088        0x4 c:/st/stm32cubeide_1.6.0/stm32cubeide/plugins/com.st.stm32cube.ide.mcu.externaltools.gnu-tools-for-stm32.9-2020-q2-update.win32_1.5.0.202011040924/tools/bin/../lib/gcc/arm-none-eabi/9.3.1/thumb/v7e-m+fp/hard/crtbegin.o
                0x000000000800508c                PROVIDE (__init_array_end = .)
                0x000000000800508c                . = ALIGN (0x4)

.fini_array     0x000000000800508c        0x4
                0x000000000800508c                . = ALIGN (0x4)
                [!provide]                        PROVIDE (__fini_array_start = .)
 *(SORT_BY_NAME(.fini_array.*))
 *(.fini_array*)
 .fini_array    0x000000000800508c        0x4 c:/st/stm32cubeide_1.6.0/stm32cubeide/plugins/com.st.stm32cube.ide.mcu.externaltools.gnu-tools-for-stm32.9-2020-q2-update.win32_1.5.0.202011040924/tools/bin/../lib/gcc/arm-none-eabi/9.3.1/thumb/v7e-m+fp/hard/crtbegin.o
                [!provide]                        PROVIDE (__fini_array_end = .)
                0x0000000008005090                . = ALIGN (0x4)
                0x0000000008005090                _sidata = LOADADDR (.data)

.data           0x0000000020000000       0x14 load address 0x0000000008005090
                0x0000000020000000                . = ALIGN (0x4)
                0x0000000020000000                _sdata = .
 *(.data)
 *(.data*)
 .data.SystemCoreClock
                0x0000000020000000        0x4 Core/Src/system_stm32f4xx.o
                0x0000000020000000                SystemCoreClock
 .data.uwTickPrio
                0x0000000020000004        0x4 Drivers/STM32F4xx_HAL_Driver/Src/stm32f4xx_hal.o
                0x0000000020000004                uwTickPrio
 .data.uwTickFreq
                0x0000000020000008        0x1 Drivers/STM32F4xx_HAL_Driver/Src/stm32f4xx_hal.o
                0x0000000020000008                uwTickFreq
 *fill*         0x0000000020000009        0x3 
 .data.uxTopUsedPriority
                0x000000002000000c        0x4 common/Third_Party/Free_RTOS/tasks.o
                0x000000002000000c                uxTopUsedPriority
 .data.uxCriticalNesting
                0x0000000020000010        0x4 common/Third_Party/Free_RTOS/portable/GCC/ARM_CM4F/port.o
 *(.RamFunc)
 *(.RamFunc*)
                0x0000000020000014                . = ALIGN (0x4)
                0x0000000020000014                _edata = .

.igot.plt       0x0000000020000014        0x0 load address 0x00000000080050a4
 .igot.plt      0x0000000020000014        0x0 c:/st/stm32cubeide_1.6.0/stm32cubeide/plugins/com.st.stm32cube.ide.mcu.externaltools.gnu-tools-for-stm32.9-2020-q2-update.win32_1.5.0.202011040924/tools/bin/../lib/gcc/arm-none-eabi/9.3.1/thumb/v7e-m+fp/hard/crtbegin.o
                0x0000000020000014                . = ALIGN (0x4)

.bss            0x0000000020000014    0x12e5c load address 0x00000000080050a4
                0x0000000020000014                _sbss = .
                0x0000000020000014                __bss_start__ = _sbss
 *(.bss)
 .bss           0x0000000020000014       0x1c c:/st/stm32cubeide_1.6.0/stm32cubeide/plugins/com.st.stm32cube.ide.mcu.externaltools.gnu-tools-for-stm32.9-2020-q2-update.win32_1.5.0.202011040924/tools/bin/../lib/gcc/arm-none-eabi/9.3.1/thumb/v7e-m+fp/hard/crtbegin.o
 *(.bss*)
 .bss.next_task_handle
                0x0000000020000030        0x4 Core/Src/main.o
                0x0000000020000030                next_task_handle
 .bss.Task_2_Handle
                0x0000000020000034        0x4 Core/Src/main.o
                0x0000000020000034                Task_2_Handle
 .bss.pxCurrentTCB
                0x0000000020000038        0x4 common/Third_Party/Free_RTOS/tasks.o
                0x0000000020000038                pxCurrentTCB
 .bss.pxReadyTasksLists
                0x000000002000003c       0x64 common/Third_Party/Free_RTOS/tasks.o
 .bss.xDelayedTaskList1
                0x00000000200000a0       0x14 common/Third_Party/Free_RTOS/tasks.o
 .bss.xDelayedTaskList2
                0x00000000200000b4       0x14 common/Third_Party/Free_RTOS/tasks.o
 .bss.pxDelayedTaskList
                0x00000000200000c8        0x4 common/Third_Party/Free_RTOS/tasks.o
 .bss.pxOverflowDelayedTaskList
                0x00000000200000cc        0x4 common/Third_Party/Free_RTOS/tasks.o
 .bss.xPendingReadyList
                0x00000000200000d0       0x14 common/Third_Party/Free_RTOS/tasks.o
 .bss.xTasksWaitingTermination
                0x00000000200000e4       0x14 common/Third_Party/Free_RTOS/tasks.o
 .bss.uxDeletedTasksWaitingCleanUp
                0x00000000200000f8        0x4 common/Third_Party/Free_RTOS/tasks.o
 .bss.xSuspendedTaskList
                0x00000000200000fc       0x14 common/Third_Party/Free_RTOS/tasks.o
 .bss.uxCurrentNumberOfTasks
                0x0000000020000110        0x4 common/Third_Party/Free_RTOS/tasks.o
 .bss.xTickCount
                0x0000000020000114        0x4 common/Third_Party/Free_RTOS/tasks.o
 .bss.uxTopReadyPriority
                0x0000000020000118        0x4 common/Third_Party/Free_RTOS/tasks.o
 .bss.xSchedulerRunning
                0x000000002000011c        0x4 common/Third_Party/Free_RTOS/tasks.o
 .bss.xPendedTicks
                0x0000000020000120        0x4 common/Third_Party/Free_RTOS/tasks.o
 .bss.xYieldPending
                0x0000000020000124        0x4 common/Third_Party/Free_RTOS/tasks.o
 .bss.xNumOfOverflows
                0x0000000020000128        0x4 common/Third_Party/Free_RTOS/tasks.o
 .bss.uxTaskNumber
                0x000000002000012c        0x4 common/Third_Party/Free_RTOS/tasks.o
 .bss.xNextTaskUnblockTime
                0x0000000020000130        0x4 common/Third_Party/Free_RTOS/tasks.o
 .bss.xIdleTaskHandle
                0x0000000020000134        0x4 common/Third_Party/Free_RTOS/tasks.o
 .bss.uxSchedulerSuspended
                0x0000000020000138        0x4 common/Third_Party/Free_RTOS/tasks.o
 .bss.xActiveTimerList1
                0x000000002000013c       0x14 common/Third_Party/Free_RTOS/timers.o
 .bss.xActiveTimerList2
                0x0000000020000150       0x14 common/Third_Party/Free_RTOS/timers.o
 .bss.pxCurrentTimerList
                0x0000000020000164        0x4 common/Third_Party/Free_RTOS/timers.o
 .bss.pxOverflowTimerList
                0x0000000020000168        0x4 common/Third_Party/Free_RTOS/timers.o
 .bss.xTimerQueue
                0x000000002000016c        0x4 common/Third_Party/Free_RTOS/timers.o
 .bss.xTimerTaskHandle
                0x0000000020000170        0x4 common/Third_Party/Free_RTOS/timers.o
 .bss.xLastTime.6892
                0x0000000020000174        0x4 common/Third_Party/Free_RTOS/timers.o
 .bss.ucMaxSysCallPriority
                0x0000000020000178        0x1 common/Third_Party/Free_RTOS/portable/GCC/ARM_CM4F/port.o
 *fill*         0x0000000020000179        0x3 
 .bss.ulMaxPRIGROUPValue
                0x000000002000017c        0x4 common/Third_Party/Free_RTOS/portable/GCC/ARM_CM4F/port.o
 .bss.ucHeap    0x0000000020000180    0x12c00 common/Third_Party/Free_RTOS/portable/MemMang/heap_4.o
 .bss.xStart    0x0000000020012d80        0x8 common/Third_Party/Free_RTOS/portable/MemMang/heap_4.o
 .bss.pxEnd     0x0000000020012d88        0x4 common/Third_Party/Free_RTOS/portable/MemMang/heap_4.o
 .bss.xFreeBytesRemaining
                0x0000000020012d8c        0x4 common/Third_Party/Free_RTOS/portable/MemMang/heap_4.o
 .bss.xMinimumEverFreeBytesRemaining
                0x0000000020012d90        0x4 common/Third_Party/Free_RTOS/portable/MemMang/heap_4.o
 .bss.xNumberOfSuccessfulAllocations
                0x0000000020012d94        0x4 common/Third_Party/Free_RTOS/portable/MemMang/heap_4.o
 .bss.xNumberOfSuccessfulFrees
                0x0000000020012d98        0x4 common/Third_Party/Free_RTOS/portable/MemMang/heap_4.o
 .bss.xBlockAllocatedBit
                0x0000000020012d9c        0x4 common/Third_Party/Free_RTOS/portable/MemMang/heap_4.o
 *(COMMON)
 COMMON         0x0000000020012da0       0x44 Core/Src/main.o
                0x0000000020012da0                huart2
 COMMON         0x0000000020012de4       0x48 Core/Src/stm32f4xx_hal_timebase_tim.o
                0x0000000020012de4                htim6
 COMMON         0x0000000020012e2c        0x4 Drivers/STM32F4xx_HAL_Driver/Src/stm32f4xx_hal.o
                0x0000000020012e2c                uwTick
 COMMON         0x0000000020012e30       0x40 common/Third_Party/Free_RTOS/queue.o
                0x0000000020012e30                xQueueRegistry
                0x0000000020012e70                . = ALIGN (0x4)
                0x0000000020012e70                _ebss = .
                0x0000000020012e70                __bss_end__ = _ebss

._user_heap_stack
                0x0000000020012e70      0x600 load address 0x00000000080050a4
                0x0000000020012e70                . = ALIGN (0x8)
                [!provide]                        PROVIDE (end = .)
                0x0000000020012e70                PROVIDE (_end = .)
                0x0000000020013070                . = (. + _Min_Heap_Size)
 *fill*         0x0000000020012e70      0x200 
                0x0000000020013470                . = (. + _Min_Stack_Size)
 *fill*         0x0000000020013070      0x400 
                0x0000000020013470                . = ALIGN (0x8)

/DISCARD/
 libc.a(*)
 libm.a(*)
 libgcc.a(*)

.ARM.attributes
                0x0000000000000000       0x30
 *(.ARM.attributes)
 .ARM.attributes
                0x0000000000000000       0x1e c:/st/stm32cubeide_1.6.0/stm32cubeide/plugins/com.st.stm32cube.ide.mcu.externaltools.gnu-tools-for-stm32.9-2020-q2-update.win32_1.5.0.202011040924/tools/bin/../lib/gcc/arm-none-eabi/9.3.1/thumb/v7e-m+fp/hard/crti.o
 .ARM.attributes
                0x000000000000001e       0x34 c:/st/stm32cubeide_1.6.0/stm32cubeide/plugins/com.st.stm32cube.ide.mcu.externaltools.gnu-tools-for-stm32.9-2020-q2-update.win32_1.5.0.202011040924/tools/bin/../lib/gcc/arm-none-eabi/9.3.1/thumb/v7e-m+fp/hard/crtbegin.o
 .ARM.attributes
                0x0000000000000052       0x34 Core/Src/main.o
 .ARM.attributes
                0x0000000000000086       0x34 Core/Src/stm32f4xx_hal_msp.o
 .ARM.attributes
                0x00000000000000ba       0x34 Core/Src/stm32f4xx_hal_timebase_tim.o
 .ARM.attributes
                0x00000000000000ee       0x34 Core/Src/stm32f4xx_it.o
 .ARM.attributes
                0x0000000000000122       0x34 Core/Src/system_stm32f4xx.o
 .ARM.attributes
                0x0000000000000156       0x21 Core/Startup/startup_stm32f446retx.o
 .ARM.attributes
                0x0000000000000177       0x34 Drivers/STM32F4xx_HAL_Driver/Src/stm32f4xx_hal.o
 .ARM.attributes
                0x00000000000001ab       0x34 Drivers/STM32F4xx_HAL_Driver/Src/stm32f4xx_hal_cortex.o
 .ARM.attributes
                0x00000000000001df       0x34 Drivers/STM32F4xx_HAL_Driver/Src/stm32f4xx_hal_gpio.o
 .ARM.attributes
                0x0000000000000213       0x34 Drivers/STM32F4xx_HAL_Driver/Src/stm32f4xx_hal_rcc.o
 .ARM.attributes
                0x0000000000000247       0x34 Drivers/STM32F4xx_HAL_Driver/Src/stm32f4xx_hal_rcc_ex.o
 .ARM.attributes
                0x000000000000027b       0x34 Drivers/STM32F4xx_HAL_Driver/Src/stm32f4xx_hal_tim.o
 .ARM.attributes
                0x00000000000002af       0x34 Drivers/STM32F4xx_HAL_Driver/Src/stm32f4xx_hal_tim_ex.o
 .ARM.attributes
                0x00000000000002e3       0x34 Drivers/STM32F4xx_HAL_Driver/Src/stm32f4xx_hal_uart.o
 .ARM.attributes
                0x0000000000000317       0x34 common/Third_Party/Free_RTOS/list.o
 .ARM.attributes
                0x000000000000034b       0x34 common/Third_Party/Free_RTOS/queue.o
 .ARM.attributes
                0x000000000000037f       0x34 common/Third_Party/Free_RTOS/tasks.o
 .ARM.attributes
                0x00000000000003b3       0x34 common/Third_Party/Free_RTOS/timers.o
 .ARM.attributes
                0x00000000000003e7       0x34 common/Third_Party/Free_RTOS/portable/GCC/ARM_CM4F/port.o
 .ARM.attributes
                0x000000000000041b       0x34 common/Third_Party/Free_RTOS/portable/MemMang/heap_4.o
 .ARM.attributes
                0x000000000000044f       0x34 c:/st/stm32cubeide_1.6.0/stm32cubeide/plugins/com.st.stm32cube.ide.mcu.externaltools.gnu-tools-for-stm32.9-2020-q2-update.win32_1.5.0.202011040924/tools/bin/../lib/gcc/arm-none-eabi/9.3.1/../../../../arm-none-eabi/lib/thumb/v7e-m+fp/hard\libc_nano.a(lib_a-init.o)
 .ARM.attributes
                0x0000000000000483       0x34 c:/st/stm32cubeide_1.6.0/stm32cubeide/plugins/com.st.stm32cube.ide.mcu.externaltools.gnu-tools-for-stm32.9-2020-q2-update.win32_1.5.0.202011040924/tools/bin/../lib/gcc/arm-none-eabi/9.3.1/../../../../arm-none-eabi/lib/thumb/v7e-m+fp/hard\libc_nano.a(lib_a-memcpy-stub.o)
 .ARM.attributes
                0x00000000000004b7       0x34 c:/st/stm32cubeide_1.6.0/stm32cubeide/plugins/com.st.stm32cube.ide.mcu.externaltools.gnu-tools-for-stm32.9-2020-q2-update.win32_1.5.0.202011040924/tools/bin/../lib/gcc/arm-none-eabi/9.3.1/../../../../arm-none-eabi/lib/thumb/v7e-m+fp/hard\libc_nano.a(lib_a-memset.o)
 .ARM.attributes
                0x00000000000004eb       0x1e c:/st/stm32cubeide_1.6.0/stm32cubeide/plugins/com.st.stm32cube.ide.mcu.externaltools.gnu-tools-for-stm32.9-2020-q2-update.win32_1.5.0.202011040924/tools/bin/../lib/gcc/arm-none-eabi/9.3.1/thumb/v7e-m+fp/hard\libgcc.a(_aeabi_uldivmod.o)
 .ARM.attributes
                0x0000000000000509       0x34 c:/st/stm32cubeide_1.6.0/stm32cubeide/plugins/com.st.stm32cube.ide.mcu.externaltools.gnu-tools-for-stm32.9-2020-q2-update.win32_1.5.0.202011040924/tools/bin/../lib/gcc/arm-none-eabi/9.3.1/thumb/v7e-m+fp/hard\libgcc.a(_udivmoddi4.o)
 .ARM.attributes
                0x000000000000053d       0x1e c:/st/stm32cubeide_1.6.0/stm32cubeide/plugins/com.st.stm32cube.ide.mcu.externaltools.gnu-tools-for-stm32.9-2020-q2-update.win32_1.5.0.202011040924/tools/bin/../lib/gcc/arm-none-eabi/9.3.1/thumb/v7e-m+fp/hard\libgcc.a(_dvmd_tls.o)
 .ARM.attributes
                0x000000000000055b       0x1e c:/st/stm32cubeide_1.6.0/stm32cubeide/plugins/com.st.stm32cube.ide.mcu.externaltools.gnu-tools-for-stm32.9-2020-q2-update.win32_1.5.0.202011040924/tools/bin/../lib/gcc/arm-none-eabi/9.3.1/thumb/v7e-m+fp/hard/crtn.o
OUTPUT(Excercise_no_1.elf elf32-littlearm)
LOAD linker stubs
LOAD c:/st/stm32cubeide_1.6.0/stm32cubeide/plugins/com.st.stm32cube.ide.mcu.externaltools.gnu-tools-for-stm32.9-2020-q2-update.win32_1.5.0.202011040924/tools/bin/../lib/gcc/arm-none-eabi/9.3.1/../../../../arm-none-eabi/lib/thumb/v7e-m+fp/hard\libc.a
LOAD c:/st/stm32cubeide_1.6.0/stm32cubeide/plugins/com.st.stm32cube.ide.mcu.externaltools.gnu-tools-for-stm32.9-2020-q2-update.win32_1.5.0.202011040924/tools/bin/../lib/gcc/arm-none-eabi/9.3.1/../../../../arm-none-eabi/lib/thumb/v7e-m+fp/hard\libm.a
LOAD c:/st/stm32cubeide_1.6.0/stm32cubeide/plugins/com.st.stm32cube.ide.mcu.externaltools.gnu-tools-for-stm32.9-2020-q2-update.win32_1.5.0.202011040924/tools/bin/../lib/gcc/arm-none-eabi/9.3.1/thumb/v7e-m+fp/hard\libgcc.a

.debug_info     0x0000000000000000    0x13ee7
 .debug_info    0x0000000000000000     0x115e Core/Src/main.o
 .debug_info    0x000000000000115e      0xa32 Core/Src/stm32f4xx_hal_msp.o
 .debug_info    0x0000000000001b90      0xcc2 Core/Src/stm32f4xx_hal_timebase_tim.o
 .debug_info    0x0000000000002852      0x7cb Core/Src/stm32f4xx_it.o
 .debug_info    0x000000000000301d      0x5dc Core/Src/system_stm32f4xx.o
 .debug_info    0x00000000000035f9       0x22 Core/Startup/startup_stm32f446retx.o
 .debug_info    0x000000000000361b      0xa08 Drivers/STM32F4xx_HAL_Driver/Src/stm32f4xx_hal.o
 .debug_info    0x0000000000004023      0xef5 Drivers/STM32F4xx_HAL_Driver/Src/stm32f4xx_hal_cortex.o
 .debug_info    0x0000000000004f18      0x892 Drivers/STM32F4xx_HAL_Driver/Src/stm32f4xx_hal_gpio.o
 .debug_info    0x00000000000057aa      0x9db Drivers/STM32F4xx_HAL_Driver/Src/stm32f4xx_hal_rcc.o
 .debug_info    0x0000000000006185      0xa86 Drivers/STM32F4xx_HAL_Driver/Src/stm32f4xx_hal_rcc_ex.o
 .debug_info    0x0000000000006c0b     0x2a90 Drivers/STM32F4xx_HAL_Driver/Src/stm32f4xx_hal_tim.o
 .debug_info    0x000000000000969b     0x1522 Drivers/STM32F4xx_HAL_Driver/Src/stm32f4xx_hal_tim_ex.o
 .debug_info    0x000000000000abbd     0x1665 Drivers/STM32F4xx_HAL_Driver/Src/stm32f4xx_hal_uart.o
 .debug_info    0x000000000000c222      0xb82 common/Third_Party/Free_RTOS/list.o
 .debug_info    0x000000000000cda4     0x1fdf common/Third_Party/Free_RTOS/queue.o
 .debug_info    0x000000000000ed83     0x2980 common/Third_Party/Free_RTOS/tasks.o
 .debug_info    0x0000000000011703     0x1567 common/Third_Party/Free_RTOS/timers.o
 .debug_info    0x0000000000012c6a      0x4f1 common/Third_Party/Free_RTOS/portable/GCC/ARM_CM4F/port.o
 .debug_info    0x000000000001315b      0xd8c common/Third_Party/Free_RTOS/portable/MemMang/heap_4.o

.debug_abbrev   0x0000000000000000     0x2c99
 .debug_abbrev  0x0000000000000000      0x2dc Core/Src/main.o
 .debug_abbrev  0x00000000000002dc      0x1ac Core/Src/stm32f4xx_hal_msp.o
 .debug_abbrev  0x0000000000000488      0x1bf Core/Src/stm32f4xx_hal_timebase_tim.o
 .debug_abbrev  0x0000000000000647      0x176 Core/Src/stm32f4xx_it.o
 .debug_abbrev  0x00000000000007bd      0x145 Core/Src/system_stm32f4xx.o
 .debug_abbrev  0x0000000000000902       0x12 Core/Startup/startup_stm32f446retx.o
 .debug_abbrev  0x0000000000000914      0x1ed Drivers/STM32F4xx_HAL_Driver/Src/stm32f4xx_hal.o
 .debug_abbrev  0x0000000000000b01      0x33c Drivers/STM32F4xx_HAL_Driver/Src/stm32f4xx_hal_cortex.o
 .debug_abbrev  0x0000000000000e3d      0x1f1 Drivers/STM32F4xx_HAL_Driver/Src/stm32f4xx_hal_gpio.o
 .debug_abbrev  0x000000000000102e      0x275 Drivers/STM32F4xx_HAL_Driver/Src/stm32f4xx_hal_rcc.o
 .debug_abbrev  0x00000000000012a3      0x1e2 Drivers/STM32F4xx_HAL_Driver/Src/stm32f4xx_hal_rcc_ex.o
 .debug_abbrev  0x0000000000001485      0x25e Drivers/STM32F4xx_HAL_Driver/Src/stm32f4xx_hal_tim.o
 .debug_abbrev  0x00000000000016e3      0x266 Drivers/STM32F4xx_HAL_Driver/Src/stm32f4xx_hal_tim_ex.o
 .debug_abbrev  0x0000000000001949      0x28b Drivers/STM32F4xx_HAL_Driver/Src/stm32f4xx_hal_uart.o
 .debug_abbrev  0x0000000000001bd4      0x1f7 common/Third_Party/Free_RTOS/list.o
 .debug_abbrev  0x0000000000001dcb      0x333 common/Third_Party/Free_RTOS/queue.o
 .debug_abbrev  0x00000000000020fe      0x39a common/Third_Party/Free_RTOS/tasks.o
 .debug_abbrev  0x0000000000002498      0x2fd common/Third_Party/Free_RTOS/timers.o
 .debug_abbrev  0x0000000000002795      0x231 common/Third_Party/Free_RTOS/portable/GCC/ARM_CM4F/port.o
 .debug_abbrev  0x00000000000029c6      0x2d3 common/Third_Party/Free_RTOS/portable/MemMang/heap_4.o

.debug_aranges  0x0000000000000000     0x1108
 .debug_aranges
                0x0000000000000000       0x58 Core/Src/main.o
 .debug_aranges
                0x0000000000000058       0x30 Core/Src/stm32f4xx_hal_msp.o
 .debug_aranges
                0x0000000000000088       0x30 Core/Src/stm32f4xx_hal_timebase_tim.o
 .debug_aranges
                0x00000000000000b8       0x50 Core/Src/stm32f4xx_it.o
 .debug_aranges
                0x0000000000000108       0x28 Core/Src/system_stm32f4xx.o
 .debug_aranges
                0x0000000000000130       0x28 Core/Startup/startup_stm32f446retx.o
 .debug_aranges
                0x0000000000000158       0xf0 Drivers/STM32F4xx_HAL_Driver/Src/stm32f4xx_hal.o
 .debug_aranges
                0x0000000000000248      0x118 Drivers/STM32F4xx_HAL_Driver/Src/stm32f4xx_hal_cortex.o
 .debug_aranges
                0x0000000000000360       0x58 Drivers/STM32F4xx_HAL_Driver/Src/stm32f4xx_hal_gpio.o
 .debug_aranges
                0x00000000000003b8       0x88 Drivers/STM32F4xx_HAL_Driver/Src/stm32f4xx_hal_rcc.o
 .debug_aranges
                0x0000000000000440       0x78 Drivers/STM32F4xx_HAL_Driver/Src/stm32f4xx_hal_rcc_ex.o
 .debug_aranges
                0x00000000000004b8      0x3d0 Drivers/STM32F4xx_HAL_Driver/Src/stm32f4xx_hal_tim.o
 .debug_aranges
                0x0000000000000888      0x168 Drivers/STM32F4xx_HAL_Driver/Src/stm32f4xx_hal_tim_ex.o
 .debug_aranges
                0x00000000000009f0      0x200 Drivers/STM32F4xx_HAL_Driver/Src/stm32f4xx_hal_uart.o
 .debug_aranges
                0x0000000000000bf0       0x40 common/Third_Party/Free_RTOS/list.o
 .debug_aranges
                0x0000000000000c30      0x130 common/Third_Party/Free_RTOS/queue.o
 .debug_aranges
                0x0000000000000d60      0x1f8 common/Third_Party/Free_RTOS/tasks.o
 .debug_aranges
                0x0000000000000f58       0xd8 common/Third_Party/Free_RTOS/timers.o
 .debug_aranges
                0x0000000000001030       0x80 common/Third_Party/Free_RTOS/portable/GCC/ARM_CM4F/port.o
 .debug_aranges
                0x00000000000010b0       0x58 common/Third_Party/Free_RTOS/portable/MemMang/heap_4.o

.debug_ranges   0x0000000000000000     0x1000
 .debug_ranges  0x0000000000000000       0x48 Core/Src/main.o
 .debug_ranges  0x0000000000000048       0x20 Core/Src/stm32f4xx_hal_msp.o
 .debug_ranges  0x0000000000000068       0x20 Core/Src/stm32f4xx_hal_timebase_tim.o
 .debug_ranges  0x0000000000000088       0x40 Core/Src/stm32f4xx_it.o
 .debug_ranges  0x00000000000000c8       0x18 Core/Src/system_stm32f4xx.o
 .debug_ranges  0x00000000000000e0       0x20 Core/Startup/startup_stm32f446retx.o
 .debug_ranges  0x0000000000000100       0xe0 Drivers/STM32F4xx_HAL_Driver/Src/stm32f4xx_hal.o
 .debug_ranges  0x00000000000001e0      0x108 Drivers/STM32F4xx_HAL_Driver/Src/stm32f4xx_hal_cortex.o
 .debug_ranges  0x00000000000002e8       0x48 Drivers/STM32F4xx_HAL_Driver/Src/stm32f4xx_hal_gpio.o
 .debug_ranges  0x0000000000000330       0x78 Drivers/STM32F4xx_HAL_Driver/Src/stm32f4xx_hal_rcc.o
 .debug_ranges  0x00000000000003a8       0x68 Drivers/STM32F4xx_HAL_Driver/Src/stm32f4xx_hal_rcc_ex.o
 .debug_ranges  0x0000000000000410      0x3c0 Drivers/STM32F4xx_HAL_Driver/Src/stm32f4xx_hal_tim.o
 .debug_ranges  0x00000000000007d0      0x158 Drivers/STM32F4xx_HAL_Driver/Src/stm32f4xx_hal_tim_ex.o
 .debug_ranges  0x0000000000000928      0x220 Drivers/STM32F4xx_HAL_Driver/Src/stm32f4xx_hal_uart.o
 .debug_ranges  0x0000000000000b48       0x30 common/Third_Party/Free_RTOS/list.o
 .debug_ranges  0x0000000000000b78      0x120 common/Third_Party/Free_RTOS/queue.o
 .debug_ranges  0x0000000000000c98      0x1e8 common/Third_Party/Free_RTOS/tasks.o
 .debug_ranges  0x0000000000000e80       0xc8 common/Third_Party/Free_RTOS/timers.o
 .debug_ranges  0x0000000000000f48       0x70 common/Third_Party/Free_RTOS/portable/GCC/ARM_CM4F/port.o
 .debug_ranges  0x0000000000000fb8       0x48 common/Third_Party/Free_RTOS/portable/MemMang/heap_4.o

.debug_macro    0x0000000000000000    0x22794
 .debug_macro   0x0000000000000000      0x245 Core/Src/main.o
 .debug_macro   0x0000000000000245      0xaa8 Core/Src/main.o
 .debug_macro   0x0000000000000ced      0x29b Core/Src/main.o
 .debug_macro   0x0000000000000f88       0x2e Core/Src/main.o
 .debug_macro   0x0000000000000fb6       0x28 Core/Src/main.o
 .debug_macro   0x0000000000000fde       0x22 Core/Src/main.o
 .debug_macro   0x0000000000001000       0x8e Core/Src/main.o
 .debug_macro   0x000000000000108e       0x51 Core/Src/main.o
 .debug_macro   0x00000000000010df      0x103 Core/Src/main.o
 .debug_macro   0x00000000000011e2       0x6a Core/Src/main.o
 .debug_macro   0x000000000000124c      0x1df Core/Src/main.o
 .debug_macro   0x000000000000142b       0x1c Core/Src/main.o
 .debug_macro   0x0000000000001447       0x22 Core/Src/main.o
 .debug_macro   0x0000000000001469       0xdf Core/Src/main.o
 .debug_macro   0x0000000000001548     0x102d Core/Src/main.o
 .debug_macro   0x0000000000002575      0x11f Core/Src/main.o
 .debug_macro   0x0000000000002694    0x1672d Core/Src/main.o
 .debug_macro   0x0000000000018dc1       0x43 Core/Src/main.o
 .debug_macro   0x0000000000018e04     0x3659 Core/Src/main.o
 .debug_macro   0x000000000001c45d      0x174 Core/Src/main.o
 .debug_macro   0x000000000001c5d1       0x5c Core/Src/main.o
 .debug_macro   0x000000000001c62d      0xc90 Core/Src/main.o
 .debug_macro   0x000000000001d2bd      0x9fe Core/Src/main.o
 .debug_macro   0x000000000001dcbb      0x117 Core/Src/main.o
 .debug_macro   0x000000000001ddd2      0x1a0 Core/Src/main.o
 .debug_macro   0x000000000001df72       0x82 Core/Src/main.o
 .debug_macro   0x000000000001dff4      0x16d Core/Src/main.o
 .debug_macro   0x000000000001e161      0x287 Core/Src/main.o
 .debug_macro   0x000000000001e3e8       0x5f Core/Src/main.o
 .debug_macro   0x000000000001e447      0x236 Core/Src/main.o
 .debug_macro   0x000000000001e67d      0x132 Core/Src/main.o
 .debug_macro   0x000000000001e7af      0x29c Core/Src/main.o
 .debug_macro   0x000000000001ea4b       0x2e Core/Src/main.o
 .debug_macro   0x000000000001ea79      0x11a Core/Src/main.o
 .debug_macro   0x000000000001eb93       0xe8 Core/Src/main.o
 .debug_macro   0x000000000001ec7b       0x89 Core/Src/main.o
 .debug_macro   0x000000000001ed04      0x8d1 Core/Src/main.o
 .debug_macro   0x000000000001f5d5       0x4d Core/Src/main.o
 .debug_macro   0x000000000001f622      0x295 Core/Src/main.o
 .debug_macro   0x000000000001f8b7      0x126 Core/Src/main.o
 .debug_macro   0x000000000001f9dd       0x58 Core/Src/main.o
 .debug_macro   0x000000000001fa35      0x106 Core/Src/main.o
 .debug_macro   0x000000000001fb3b      0x15a Core/Src/main.o
 .debug_macro   0x000000000001fc95       0xea Core/Src/main.o
 .debug_macro   0x000000000001fd7f       0x1c Core/Src/main.o
 .debug_macro   0x000000000001fd9b       0x26 Core/Src/main.o
 .debug_macro   0x000000000001fdc1      0x4fd Core/Src/main.o
 .debug_macro   0x00000000000202be       0xb5 Core/Src/main.o
 .debug_macro   0x0000000000020373      0x120 Core/Src/main.o
 .debug_macro   0x0000000000020493      0x1dd Core/Src/stm32f4xx_hal_msp.o
 .debug_macro   0x0000000000020670      0x1ce Core/Src/stm32f4xx_hal_timebase_tim.o
 .debug_macro   0x000000000002083e      0x1e7 Core/Src/stm32f4xx_it.o
 .debug_macro   0x0000000000020a25      0x1ce Core/Src/system_stm32f4xx.o
 .debug_macro   0x0000000000020bf3      0x22e Drivers/STM32F4xx_HAL_Driver/Src/stm32f4xx_hal.o
 .debug_macro   0x0000000000020e21      0x1ce Drivers/STM32F4xx_HAL_Driver/Src/stm32f4xx_hal_cortex.o
 .debug_macro   0x0000000000020fef      0x1d4 Drivers/STM32F4xx_HAL_Driver/Src/stm32f4xx_hal_gpio.o
 .debug_macro   0x00000000000211c3      0x1f2 Drivers/STM32F4xx_HAL_Driver/Src/stm32f4xx_hal_rcc.o
 .debug_macro   0x00000000000213b5      0x1ce Drivers/STM32F4xx_HAL_Driver/Src/stm32f4xx_hal_rcc_ex.o
 .debug_macro   0x0000000000021583      0x1cf Drivers/STM32F4xx_HAL_Driver/Src/stm32f4xx_hal_tim.o
 .debug_macro   0x0000000000021752      0x1ce Drivers/STM32F4xx_HAL_Driver/Src/stm32f4xx_hal_tim_ex.o
 .debug_macro   0x0000000000021920      0x1cf Drivers/STM32F4xx_HAL_Driver/Src/stm32f4xx_hal_uart.o
 .debug_macro   0x0000000000021aef      0x193 common/Third_Party/Free_RTOS/list.o
 .debug_macro   0x0000000000021c82      0x21c common/Third_Party/Free_RTOS/queue.o
 .debug_macro   0x0000000000021e9e       0x16 common/Third_Party/Free_RTOS/queue.o
 .debug_macro   0x0000000000021eb4       0x20 common/Third_Party/Free_RTOS/queue.o
 .debug_macro   0x0000000000021ed4       0x80 common/Third_Party/Free_RTOS/queue.o
 .debug_macro   0x0000000000021f54      0x279 common/Third_Party/Free_RTOS/tasks.o
 .debug_macro   0x00000000000221cd       0x10 common/Third_Party/Free_RTOS/tasks.o
 .debug_macro   0x00000000000221dd      0x1dc common/Third_Party/Free_RTOS/timers.o
 .debug_macro   0x00000000000223b9       0x97 common/Third_Party/Free_RTOS/timers.o
 .debug_macro   0x0000000000022450      0x196 common/Third_Party/Free_RTOS/portable/GCC/ARM_CM4F/port.o
 .debug_macro   0x00000000000225e6      0x1ae common/Third_Party/Free_RTOS/portable/MemMang/heap_4.o

.debug_line     0x0000000000000000    0x12ad7
 .debug_line    0x0000000000000000      0x9c9 Core/Src/main.o
 .debug_line    0x00000000000009c9      0x715 Core/Src/stm32f4xx_hal_msp.o
 .debug_line    0x00000000000010de      0x726 Core/Src/stm32f4xx_hal_timebase_tim.o
 .debug_line    0x0000000000001804      0x763 Core/Src/stm32f4xx_it.o
 .debug_line    0x0000000000001f67      0x748 Core/Src/system_stm32f4xx.o
 .debug_line    0x00000000000026af       0x88 Core/Startup/startup_stm32f446retx.o
 .debug_line    0x0000000000002737      0x9ae Drivers/STM32F4xx_HAL_Driver/Src/stm32f4xx_hal.o
 .debug_line    0x00000000000030e5      0xc5d Drivers/STM32F4xx_HAL_Driver/Src/stm32f4xx_hal_cortex.o
 .debug_line    0x0000000000003d42      0xb12 Drivers/STM32F4xx_HAL_Driver/Src/stm32f4xx_hal_gpio.o
 .debug_line    0x0000000000004854      0xd36 Drivers/STM32F4xx_HAL_Driver/Src/stm32f4xx_hal_rcc.o
 .debug_line    0x000000000000558a     0x13bc Drivers/STM32F4xx_HAL_Driver/Src/stm32f4xx_hal_rcc_ex.o
 .debug_line    0x0000000000006946     0x35da Drivers/STM32F4xx_HAL_Driver/Src/stm32f4xx_hal_tim.o
 .debug_line    0x0000000000009f20     0x197b Drivers/STM32F4xx_HAL_Driver/Src/stm32f4xx_hal_tim_ex.o
 .debug_line    0x000000000000b89b     0x1a74 Drivers/STM32F4xx_HAL_Driver/Src/stm32f4xx_hal_uart.o
 .debug_line    0x000000000000d30f      0x742 common/Third_Party/Free_RTOS/list.o
 .debug_line    0x000000000000da51     0x15c7 common/Third_Party/Free_RTOS/queue.o
 .debug_line    0x000000000000f018     0x1c45 common/Third_Party/Free_RTOS/tasks.o
 .debug_line    0x0000000000010c5d      0xc9e common/Third_Party/Free_RTOS/timers.o
 .debug_line    0x00000000000118fb      0x80f common/Third_Party/Free_RTOS/portable/GCC/ARM_CM4F/port.o
 .debug_line    0x000000000001210a      0x9cd common/Third_Party/Free_RTOS/portable/MemMang/heap_4.o

.debug_str      0x0000000000000000    0xd7ed4
 .debug_str     0x0000000000000000    0xcddd0 Core/Src/main.o
                                      0xce171 (size before relaxing)
 .debug_str     0x00000000000cddd0       0x56 Core/Src/stm32f4xx_hal_msp.o
                                      0xc908c (size before relaxing)
 .debug_str     0x00000000000cde26      0x5ac Core/Src/stm32f4xx_hal_timebase_tim.o
                                      0xc95df (size before relaxing)
 .debug_str     0x00000000000ce3d2       0xa6 Core/Src/stm32f4xx_it.o
                                      0xc903e (size before relaxing)
 .debug_str     0x00000000000ce478       0xaf Core/Src/system_stm32f4xx.o
                                      0xc8b11 (size before relaxing)
 .debug_str     0x00000000000ce527       0x36 Core/Startup/startup_stm32f446retx.o
                                         0x6e (size before relaxing)
 .debug_str     0x00000000000ce55d      0x542 Drivers/STM32F4xx_HAL_Driver/Src/stm32f4xx_hal.o
                                      0xc9634 (size before relaxing)
 .debug_str     0x00000000000cea9f      0x392 Drivers/STM32F4xx_HAL_Driver/Src/stm32f4xx_hal_cortex.o
                                      0xc93fe (size before relaxing)
 .debug_str     0x00000000000cee31      0x15f Drivers/STM32F4xx_HAL_Driver/Src/stm32f4xx_hal_gpio.o
                                      0xc8cb8 (size before relaxing)
 .debug_str     0x00000000000cef90      0x24f Drivers/STM32F4xx_HAL_Driver/Src/stm32f4xx_hal_rcc.o
                                      0xc8f18 (size before relaxing)
 .debug_str     0x00000000000cf1df      0x324 Drivers/STM32F4xx_HAL_Driver/Src/stm32f4xx_hal_rcc_ex.o
                                      0xc8f75 (size before relaxing)
 .debug_str     0x00000000000cf503      0xe4d Drivers/STM32F4xx_HAL_Driver/Src/stm32f4xx_hal_tim.o
                                      0xc9e14 (size before relaxing)
 .debug_str     0x00000000000d0350      0x538 Drivers/STM32F4xx_HAL_Driver/Src/stm32f4xx_hal_tim_ex.o
                                      0xc95c5 (size before relaxing)
 .debug_str     0x00000000000d0888      0x5ed Drivers/STM32F4xx_HAL_Driver/Src/stm32f4xx_hal_uart.o
                                      0xc9450 (size before relaxing)
 .debug_str     0x00000000000d0e75     0x33c0 common/Third_Party/Free_RTOS/list.o
                                       0xad61 (size before relaxing)
 .debug_str     0x00000000000d4235     0x105b common/Third_Party/Free_RTOS/queue.o
                                       0xd013 (size before relaxing)
 .debug_str     0x00000000000d5290     0x1b9e common/Third_Party/Free_RTOS/tasks.o
                                       0xdd2a (size before relaxing)
 .debug_str     0x00000000000d6e2e      0x546 common/Third_Party/Free_RTOS/timers.o
                                       0xd409 (size before relaxing)
 .debug_str     0x00000000000d7374      0x810 common/Third_Party/Free_RTOS/portable/GCC/ARM_CM4F/port.o
                                       0x941f (size before relaxing)
 .debug_str     0x00000000000d7b84      0x350 common/Third_Party/Free_RTOS/portable/MemMang/heap_4.o
                                       0xc1db (size before relaxing)

.comment        0x0000000000000000       0x53
 .comment       0x0000000000000000       0x53 Core/Src/main.o
                                         0x54 (size before relaxing)
 .comment       0x0000000000000053       0x54 Core/Src/stm32f4xx_hal_msp.o
 .comment       0x0000000000000053       0x54 Core/Src/stm32f4xx_hal_timebase_tim.o
 .comment       0x0000000000000053       0x54 Core/Src/stm32f4xx_it.o
 .comment       0x0000000000000053       0x54 Core/Src/system_stm32f4xx.o
 .comment       0x0000000000000053       0x54 Drivers/STM32F4xx_HAL_Driver/Src/stm32f4xx_hal.o
 .comment       0x0000000000000053       0x54 Drivers/STM32F4xx_HAL_Driver/Src/stm32f4xx_hal_cortex.o
 .comment       0x0000000000000053       0x54 Drivers/STM32F4xx_HAL_Driver/Src/stm32f4xx_hal_gpio.o
 .comment       0x0000000000000053       0x54 Drivers/STM32F4xx_HAL_Driver/Src/stm32f4xx_hal_rcc.o
 .comment       0x0000000000000053       0x54 Drivers/STM32F4xx_HAL_Driver/Src/stm32f4xx_hal_rcc_ex.o
 .comment       0x0000000000000053       0x54 Drivers/STM32F4xx_HAL_Driver/Src/stm32f4xx_hal_tim.o
 .comment       0x0000000000000053       0x54 Drivers/STM32F4xx_HAL_Driver/Src/stm32f4xx_hal_tim_ex.o
 .comment       0x0000000000000053       0x54 Drivers/STM32F4xx_HAL_Driver/Src/stm32f4xx_hal_uart.o
 .comment       0x0000000000000053       0x54 common/Third_Party/Free_RTOS/list.o
 .comment       0x0000000000000053       0x54 common/Third_Party/Free_RTOS/queue.o
 .comment       0x0000000000000053       0x54 common/Third_Party/Free_RTOS/tasks.o
 .comment       0x0000000000000053       0x54 common/Third_Party/Free_RTOS/timers.o
 .comment       0x0000000000000053       0x54 common/Third_Party/Free_RTOS/portable/GCC/ARM_CM4F/port.o
 .comment       0x0000000000000053       0x54 common/Third_Party/Free_RTOS/portable/MemMang/heap_4.o

.debug_frame    0x0000000000000000     0x4734
 .debug_frame   0x0000000000000000      0x110 Core/Src/main.o
 .debug_frame   0x0000000000000110       0x7c Core/Src/stm32f4xx_hal_msp.o
 .debug_frame   0x000000000000018c       0x74 Core/Src/stm32f4xx_hal_timebase_tim.o
 .debug_frame   0x0000000000000200       0xc4 Core/Src/stm32f4xx_it.o
 .debug_frame   0x00000000000002c4       0x58 Core/Src/system_stm32f4xx.o
 .debug_frame   0x000000000000031c      0x374 Drivers/STM32F4xx_HAL_Driver/Src/stm32f4xx_hal.o
 .debug_frame   0x0000000000000690      0x498 Drivers/STM32F4xx_HAL_Driver/Src/stm32f4xx_hal_cortex.o
 .debug_frame   0x0000000000000b28      0x14c Drivers/STM32F4xx_HAL_Driver/Src/stm32f4xx_hal_gpio.o
 .debug_frame   0x0000000000000c74      0x1f0 Drivers/STM32F4xx_HAL_Driver/Src/stm32f4xx_hal_rcc.o
 .debug_frame   0x0000000000000e64      0x1e8 Drivers/STM32F4xx_HAL_Driver/Src/stm32f4xx_hal_rcc_ex.o
 .debug_frame   0x000000000000104c     0x11bc Drivers/STM32F4xx_HAL_Driver/Src/stm32f4xx_hal_tim.o
 .debug_frame   0x0000000000002208      0x638 Drivers/STM32F4xx_HAL_Driver/Src/stm32f4xx_hal_tim_ex.o
 .debug_frame   0x0000000000002840      0x924 Drivers/STM32F4xx_HAL_Driver/Src/stm32f4xx_hal_uart.o
 .debug_frame   0x0000000000003164       0xd8 common/Third_Party/Free_RTOS/list.o
 .debug_frame   0x000000000000323c      0x530 common/Third_Party/Free_RTOS/queue.o
 .debug_frame   0x000000000000376c      0x894 common/Third_Party/Free_RTOS/tasks.o
 .debug_frame   0x0000000000004000      0x38c common/Third_Party/Free_RTOS/timers.o
 .debug_frame   0x000000000000438c      0x1a8 common/Third_Party/Free_RTOS/portable/GCC/ARM_CM4F/port.o
 .debug_frame   0x0000000000004534      0x12c common/Third_Party/Free_RTOS/portable/MemMang/heap_4.o
 .debug_frame   0x0000000000004660       0x2c c:/st/stm32cubeide_1.6.0/stm32cubeide/plugins/com.st.stm32cube.ide.mcu.externaltools.gnu-tools-for-stm32.9-2020-q2-update.win32_1.5.0.202011040924/tools/bin/../lib/gcc/arm-none-eabi/9.3.1/../../../../arm-none-eabi/lib/thumb/v7e-m+fp/hard\libc_nano.a(lib_a-init.o)
 .debug_frame   0x000000000000468c       0x28 c:/st/stm32cubeide_1.6.0/stm32cubeide/plugins/com.st.stm32cube.ide.mcu.externaltools.gnu-tools-for-stm32.9-2020-q2-update.win32_1.5.0.202011040924/tools/bin/../lib/gcc/arm-none-eabi/9.3.1/../../../../arm-none-eabi/lib/thumb/v7e-m+fp/hard\libc_nano.a(lib_a-memcpy-stub.o)
 .debug_frame   0x00000000000046b4       0x20 c:/st/stm32cubeide_1.6.0/stm32cubeide/plugins/com.st.stm32cube.ide.mcu.externaltools.gnu-tools-for-stm32.9-2020-q2-update.win32_1.5.0.202011040924/tools/bin/../lib/gcc/arm-none-eabi/9.3.1/../../../../arm-none-eabi/lib/thumb/v7e-m+fp/hard\libc_nano.a(lib_a-memset.o)
 .debug_frame   0x00000000000046d4       0x2c c:/st/stm32cubeide_1.6.0/stm32cubeide/plugins/com.st.stm32cube.ide.mcu.externaltools.gnu-tools-for-stm32.9-2020-q2-update.win32_1.5.0.202011040924/tools/bin/../lib/gcc/arm-none-eabi/9.3.1/thumb/v7e-m+fp/hard\libgcc.a(_aeabi_uldivmod.o)
 .debug_frame   0x0000000000004700       0x34 c:/st/stm32cubeide_1.6.0/stm32cubeide/plugins/com.st.stm32cube.ide.mcu.externaltools.gnu-tools-for-stm32.9-2020-q2-update.win32_1.5.0.202011040924/tools/bin/../lib/gcc/arm-none-eabi/9.3.1/thumb/v7e-m+fp/hard\libgcc.a(_udivmoddi4.o)
